ARM Linker, 4.1 [Build 894] [Standard]

==============================================================================

Section Cross References

    main.o(.text) refers to switch.o(.text) for Switch_Init
    main.o(.text) refers to yk.o(.text) for Serial2_Init
    main.o(.text) refers to mb.o(.text) for eMBInit
    main.o(.text) refers to t_sensor.o(.text) for ADC1_Init
    main.o(.text) refers to led.o(.text) for Led_Init
    main.o(.text) refers to timer2.o(.text) for Timer2_Init
    main.o(.text) refers to mbutils.o(.text) for xMBUtilGetBits
    main.o(.text) refers to main.o(.data) for usRegHoldingBuf
    stm32f10x_it.o(.text) refers to stm32f10x_usart.o(.text) for USART_GetITStatus
    stm32f10x_it.o(.text) refers to yk.o(.data) for RxCounter2
    stm32f10x_it.o(.text) refers to yk.o(.bss) for RxBuffer2
    system_stm32f10x.o(.text) refers to system_stm32f10x.o(.data) for SystemCoreClock
    yk.o(.text) refers to stm32f10x_rcc.o(.text) for RCC_APB2PeriphClockCmd
    yk.o(.text) refers to stm32f10x_gpio.o(.text) for GPIO_Init
    yk.o(.text) refers to misc.o(.text) for NVIC_PriorityGroupConfig
    yk.o(.text) refers to stm32f10x_usart.o(.text) for USART_Init
    yk.o(.text) refers to yk.o(.data) for RxCounter2
    yk.o(.text) refers to yk.o(.bss) for TxBuffer2
    yk.o(.text) refers to main.o(.data) for usRegHoldingBuf
    t_sensor.o(.text) refers to stm32f10x_rcc.o(.text) for RCC_ADCCLKConfig
    t_sensor.o(.text) refers to stm32f10x_gpio.o(.text) for GPIO_Init
    t_sensor.o(.text) refers to stm32f10x_dma.o(.text) for DMA_DeInit
    t_sensor.o(.text) refers to stm32f10x_adc.o(.text) for ADC_Init
    t_sensor.o(.text) refers to t_sensor.o(.data) for ADCConvertedValue
    switch.o(.text) refers to stm32f10x_rcc.o(.text) for RCC_APB2PeriphClockCmd
    switch.o(.text) refers to stm32f10x_gpio.o(.text) for GPIO_Init
    led.o(.text) refers to stm32f10x_rcc.o(.text) for RCC_APB2PeriphClockCmd
    led.o(.text) refers to stm32f10x_gpio.o(.text) for GPIO_Init
    timer2.o(.text) refers to stm32f10x_rcc.o(.text) for RCC_APB1PeriphClockCmd
    timer2.o(.text) refers to misc.o(.text) for NVIC_Init
    timer2.o(.text) refers to stm32f10x_tim.o(.text) for TIM_TimeBaseInit
    timer2.o(.text) refers to led.o(.text) for Led1_ON
    timer2.o(.text) refers to timer2.o(.data) for ms_counter
    startup_stm32f10x_md.o(STACK) refers (Special) to heapauxi.o(.text) for __use_two_region_memory
    startup_stm32f10x_md.o(HEAP) refers (Special) to heapauxi.o(.text) for __use_two_region_memory
    startup_stm32f10x_md.o(RESET) refers (Special) to heapauxi.o(.text) for __use_two_region_memory
    startup_stm32f10x_md.o(RESET) refers to startup_stm32f10x_md.o(STACK) for __initial_sp
    startup_stm32f10x_md.o(RESET) refers to startup_stm32f10x_md.o(.text) for Reset_Handler
    startup_stm32f10x_md.o(RESET) refers to stm32f10x_it.o(.text) for NMI_Handler
    startup_stm32f10x_md.o(RESET) refers to timer2.o(.text) for TIM2_IRQHandler
    startup_stm32f10x_md.o(RESET) refers to porttimer.o(.text) for TIM4_IRQHandler
    startup_stm32f10x_md.o(RESET) refers to portserial.o(.text) for USART1_IRQHandler
    startup_stm32f10x_md.o(.text) refers (Special) to heapauxi.o(.text) for __use_two_region_memory
    startup_stm32f10x_md.o(.text) refers to system_stm32f10x.o(.text) for SystemInit
    startup_stm32f10x_md.o(.text) refers to __main.o(!!!main) for __main
    startup_stm32f10x_md.o(.text) refers to startup_stm32f10x_md.o(HEAP) for Heap_Mem
    startup_stm32f10x_md.o(.text) refers to startup_stm32f10x_md.o(STACK) for Stack_Mem
    stm32f10x_gpio.o(.text) refers to stm32f10x_rcc.o(.text) for RCC_APB2PeriphResetCmd
    stm32f10x_rcc.o(.text) refers to stm32f10x_rcc.o(.data) for APBAHBPrescTable
    stm32f10x_tim.o(.text) refers to stm32f10x_rcc.o(.text) for RCC_APB2PeriphResetCmd
    stm32f10x_usart.o(.text) refers to stm32f10x_rcc.o(.text) for RCC_APB2PeriphResetCmd
    stm32f10x_adc.o(.text) refers to stm32f10x_rcc.o(.text) for RCC_APB2PeriphResetCmd
    sys.o(.text) refers to misc.o(.text) for NVIC_PriorityGroupConfig
    mb.o(.text) refers to mbrtu.o(.text) for eMBRTUInit
    mb.o(.text) refers to mbascii.o(.text) for eMBASCIIInit
    mb.o(.text) refers to portevent.o(.text) for xMBPortEventInit
    mb.o(.text) refers to mb.o(.data) for ucMBAddress
    mb.o(.data) refers to mbfuncother.o(.text) for eMBFuncReportSlaveID
    mb.o(.data) refers to mbfuncinput.o(.text) for eMBFuncReadInputRegister
    mb.o(.data) refers to mbfuncholding.o(.text) for eMBFuncReadHoldingRegister
    mb.o(.data) refers to mbfunccoils.o(.text) for eMBFuncReadCoils
    mb.o(.data) refers to mbfuncdisc.o(.text) for eMBFuncReadDiscreteInputs
    mbascii.o(.text) refers to portserial.o(.text) for xMBPortSerialInit
    mbascii.o(.text) refers to porttimer.o(.text) for xMBPortTimersInit
    mbascii.o(.text) refers to portevent.o(.text) for xMBPortEventPost
    mbascii.o(.text) refers to assert.o(.text) for __aeabi_assert
[...]
    defsig_rtred_inner.o(.text) refers to defsig_general.o(.text) for __default_signal_display
    defsig_rtmem_inner.o(.text) refers to defsig_general.o(.text) for __default_signal_display
    defsig_stak_inner.o(.text) refers to defsig_general.o(.text) for __default_signal_display
    defsig_pvfn_inner.o(.text) refers to defsig_general.o(.text) for __default_signal_display
    defsig_cppl_inner.o(.text) refers to defsig_general.o(.text) for __default_signal_display
    defsig_segv_inner.o(.text) refers to defsig_general.o(.text) for __default_signal_display
    defsig_other.o(.text) refers to defsig_general.o(.text) for __default_signal_display
    _get_argv_nomalloc.o(.text) refers (Special) to hrguard.o(.text) for __heap_region$guard
    _get_argv_nomalloc.o(.text) refers to defsig_rtmem_outer.o(.text) for __rt_SIGRTMEM
    _get_argv_nomalloc.o(.text) refers to sys_command.o(.text) for _sys_command_string
    libshutdown.o(.ARM.Collect$$libshutdown$$00000000) refers (Special) to libshutdown2.o(.ARM.Collect$$libshutdown$$00000006) for __rt_lib_shutdown_fp_trap_1
    libshutdown.o(.ARM.Collect$$libshutdown$$00000000) refers (Special) to libshutdown2.o(.ARM.Collect$$libshutdown$$0000000E) for __rt_lib_shutdown_heap_1
    libshutdown.o(.ARM.Collect$$libshutdown$$00000000) refers (Special) to libshutdown2.o(.ARM.Collect$$libshutdown$$0000000F) for __rt_lib_shutdown_return
    libshutdown.o(.ARM.Collect$$libshutdown$$00000000) refers (Special) to libshutdown2.o(.ARM.Collect$$libshutdown$$00000009) for __rt_lib_shutdown_signal_1
    libshutdown.o(.ARM.Collect$$libshutdown$$00000000) refers (Special) to libshutdown2.o(.ARM.Collect$$libshutdown$$00000003) for __rt_lib_shutdown_stdio_1
    libshutdown.o(.ARM.Collect$$libshutdown$$00000000) refers (Special) to libshutdown2.o(.ARM.Collect$$libshutdown$$0000000B) for __rt_lib_shutdown_user_alloc_1
    sys_command.o(.text) refers (Special) to use_no_semi.o(.text) for __I$use$semihosting
    sys_command.o(.text) refers (Special) to indicate_semi.o(.text) for __semihosting_library_function
    defsig_rtmem_outer.o(.text) refers to defsig_rtmem_inner.o(.text) for __rt_SIGRTMEM_inner
    defsig_rtmem_outer.o(.text) refers to defsig_exit.o(.text) for __sig_exit
    defsig_rtmem_formal.o(.text) refers to rt_raise.o(.text) for __rt_raise


==============================================================================

Removing Unused input sections from the image.

    Removing core_cm3.o(.emb_text), (32 bytes).
    Removing stm32f10x_dbgmcu.o(.text), (48 bytes).
    Removing sys.o(.text), (12 bytes).
    Removing portserial.o(.data), (1 bytes).

4 unused section(s) (total 93 bytes) removed from the image.

==============================================================================

Image Symbol Table

    Local Symbols

    Symbol Name                              Value     Ov Type        Size  Object(Section)

    ../../angel/boardlib.s                   0x00000000   Number         0  boardshut.o ABSOLUTE
    ../../angel/boardlib.s                   0x00000000   Number         0  boardinit3.o ABSOLUTE
    ../../angel/boardlib.s                   0x00000000   Number         0  boardinit1.o ABSOLUTE
    ../../angel/boardlib.s                   0x00000000   Number         0  boardinit2.o ABSOLUTE
    ../../angel/dczerorl2.s                  0x00000000   Number         0  __dczerorl2.o ABSOLUTE
    ../../angel/handlers.s                   0x00000000   Number         0  __scatter_zi.o ABSOLUTE
    ../../angel/kernel.s                     0x00000000   Number         0  rtexit.o ABSOLUTE
    ../../angel/kernel.s                     0x00000000   Number         0  rtentry.o ABSOLUTE
    ../../angel/kernel.s                     0x00000000   Number         0  rtentry4.o ABSOLUTE
    ../../angel/kernel.s                     0x00000000   Number         0  rtentry2.o ABSOLUTE
    ../../angel/kernel.s                     0x00000000   Number         0  rtexit2.o ABSOLUTE
    ../../angel/rt.s                         0x00000000   Number         0  rt_raise.o ABSOLUTE
    ../../angel/rt.s                         0x00000000   Number         0  rt_fp_status_addr_intlibspace.o ABSOLUTE
    ../../angel/rt.s                         0x00000000   Number         0  rt_fp_status_addr.o ABSOLUTE
    ../../angel/scatter.s                    0x00000000   Number         0  __scatter.o ABSOLUTE
    ../../angel/startup.s                    0x00000000   Number         0  __main.o ABSOLUTE
    ../../angel/sys.s                        0x00000000   Number         0  sys_stackheap_outer.o ABSOLUTE
    ../../angel/sys.s                        0x00000000   Number         0  libspace.o ABSOLUTE
    ../../angel/sys.s                        0x00000000   Number         0  indicate_semi.o ABSOLUTE
    ../../angel/sys.s                        0x00000000   Number         0  use_no_semi.o ABSOLUTE
    ../../angel/sysapp.c                     0x00000000   Number         0  sys_exit.o ABSOLUTE
    ../../angel/sysapp.c                     0x00000000   Number         0  sys_wrch.o ABSOLUTE
    ../../angel/sysapp.c                     0x00000000   Number         0  sys_command.o ABSOLUTE
    ../../armsys.c                           0x00000000   Number         0  argv_veneer.o ABSOLUTE
    ../../armsys.c                           0x00000000   Number         0  no_argv.o ABSOLUTE
    ../../armsys.c                           0x00000000   Number         0  _get_argv_nomalloc.o ABSOLUTE
    ../../armsys.c                           0x00000000   Number         0  argv_veneer.o ABSOLUTE
    ../../assert.c                           0x00000000   Number         0  assert.o ABSOLUTE
    ../../assert.c                           0x00000000   Number         0  assert_puts.o ABSOLUTE
    ../../fpinit.s                           0x00000000   Number         0  fpinit.o ABSOLUTE
    ../../heapalloc.c                        0x00000000   Number         0  hrguard.o ABSOLUTE
    ../../heapaux.c                          0x00000000   Number         0  heapauxi.o ABSOLUTE
    ../../libinit.s                          0x00000000   Number         0  libshutdown2.o ABSOLUTE
    ../../libinit.s                          0x00000000   Number         0  libinit.o ABSOLUTE
    ../../libinit.s                          0x00000000   Number         0  libinit2.o ABSOLUTE
    ../../libinit.s                          0x00000000   Number         0  libshutdown.o ABSOLUTE
    ../../memcpset.s                         0x00000000   Number         0  rt_memcpy_w.o ABSOLUTE
    ../../memcpset.s                         0x00000000   Number         0  rt_memcpy_v6.o ABSOLUTE
    ../../signal.c                           0x00000000   Number         0  defsig_fpe_inner.o ABSOLUTE
    ../../signal.c                           0x00000000   Number         0  __raise.o ABSOLUTE
    ../../signal.c                           0x00000000   Number         0  defsig_general.o ABSOLUTE
    ../../signal.c                           0x00000000   Number         0  defsig_abrt_inner.o ABSOLUTE
    ../../signal.c                           0x00000000   Number         0  defsig_rtred_inner.o ABSOLUTE
    ../../signal.c                           0x00000000   Number         0  defsig_abrt_outer.o ABSOLUTE
    ../../signal.c                           0x00000000   Number         0  defsig_exit.o ABSOLUTE
    ../../signal.c                           0x00000000   Number         0  defsig_abrt_formal.o ABSOLUTE
    ../../signal.c                           0x00000000   Number         0  defsig_rtmem_inner.o ABSOLUTE
    ../../signal.c                           0x00000000   Number         0  defsig_stak_inner.o ABSOLUTE
    ../../signal.c                           0x00000000   Number         0  defsig_cppl_inner.o ABSOLUTE
    ../../signal.c                           0x00000000   Number         0  defsig_segv_inner.o ABSOLUTE
    ../../signal.c                           0x00000000   Number         0  defsig_other.o ABSOLUTE
    ../../signal.c                           0x00000000   Number         0  defsig_rtmem_outer.o ABSOLUTE
    ../../signal.c                           0x00000000   Number         0  defsig_rtmem_formal.o ABSOLUTE
    ../../signal.c                           0x00000000   Number         0  defsig_pvfn_inner.o ABSOLUTE
    ../../signal.s                           0x00000000   Number         0  defsig.o ABSOLUTE
    ../../stdlib.c                           0x00000000   Number         0  abort.o ABSOLUTE
    ../../stdlib.c                           0x00000000   Number         0  exit.o ABSOLUTE
    ..\CORE\core_cm3.c                       0x00000000   Number         0  core_cm3.o ABSOLUTE
    ..\CORE\startup_stm32f10x_md.s           0x00000000   Number         0  startup_stm32f10x_md.o ABSOLUTE
    ..\FreeModbus\modbus\ascii\mbascii.c     0x00000000   Number         0  mbascii.o ABSOLUTE
    ..\FreeModbus\modbus\functions\mbfunccoils.c 0x00000000   Number         0  mbfunccoils.o ABSOLUTE
    ..\FreeModbus\modbus\functions\mbfuncdiag.c 0x00000000   Number         0  mbfuncdiag.o ABSOLUTE
    ..\FreeModbus\modbus\functions\mbfuncdisc.c 0x00000000   Number         0  mbfuncdisc.o ABSOLUTE
    ..\FreeModbus\modbus\functions\mbfuncholding.c 0x00000000   Number         0  mbfuncholding.o ABSOLUTE
    ..\FreeModbus\modbus\functions\mbfuncinput.c 0x00000000   Number         0  mbfuncinput.o ABSOLUTE
    ..\FreeModbus\modbus\functions\mbfuncother.c 0x00000000   Number         0  mbfuncother.o ABSOLUTE
    ..\FreeModbus\modbus\functions\mbutils.c 0x00000000   Number         0  mbutils.o ABSOLUTE
    ..\FreeModbus\modbus\mb.c                0x00000000   Number         0  mb.o ABSOLUTE
    ..\FreeModbus\modbus\rtu\mbcrc.c         0x00000000   Number         0  mbcrc.o ABSOLUTE
    ..\FreeModbus\modbus\rtu\mbrtu.c         0x00000000   Number         0  mbrtu.o ABSOLUTE
    ..\FreeModbus\modbus\tcp\mbtcp.c         0x00000000   Number         0  mbtcp.o ABSOLUTE
    ..\FreeModbus\port\portevent.c           0x00000000   Number         0  portevent.o ABSOLUTE
    ..\FreeModbus\port\portserial.c          0x00000000   Number         0  portserial.o ABSOLUTE
    ..\FreeModbus\port\porttimer.c           0x00000000   Number         0  porttimer.o ABSOLUTE
    ..\STM32F10x_FWLib\src\misc.c            0x00000000   Number         0  misc.o ABSOLUTE
    ..\STM32F10x_FWLib\src\stm32f10x_adc.c   0x00000000   Number         0  stm32f10x_adc.o ABSOLUTE
    ..\STM32F10x_FWLib\src\stm32f10x_dbgmcu.c 0x00000000   Number         0  stm32f10x_dbgmcu.o ABSOLUTE
    ..\STM32F10x_FWLib\src\stm32f10x_dma.c   0x00000000   Number         0  stm32f10x_dma.o ABSOLUTE
    ..\STM32F10x_FWLib\src\stm32f10x_gpio.c  0x00000000   Number         0  stm32f10x_gpio.o ABSOLUTE
    ..\STM32F10x_FWLib\src\stm32f10x_rcc.c   0x00000000   Number         0  stm32f10x_rcc.o ABSOLUTE
    ..\STM32F10x_FWLib\src\stm32f10x_tim.c   0x00000000   Number         0  stm32f10x_tim.o ABSOLUTE
    ..\STM32F10x_FWLib\src\stm32f10x_usart.c 0x00000000   Number         0  stm32f10x_usart.o ABSOLUTE
    ..\SYSTEM\sys\sys.c                      0x00000000   Number         0  sys.o ABSOLUTE
    ..\\CORE\\core_cm3.c                     0x00000000   Number         0  core_cm3.o ABSOLUTE
    Led.c                                    0x00000000   Number         0  led.o ABSOLUTE
    Switch.c                                 0x00000000   Number         0  switch.o ABSOLUTE
    T_Sensor.c                               0x00000000   Number         0  t_sensor.o ABSOLUTE
    Timer2.c                                 0x00000000   Number         0  timer2.o ABSOLUTE
    YK.c                                     0x00000000   Number         0  yk.o ABSOLUTE
    dc.s                                     0x00000000   Number         0  dc.o ABSOLUTE
    main.c                                   0x00000000   Number         0  main.o ABSOLUTE
    stm32f10x_it.c                           0x00000000   Number         0  stm32f10x_it.o ABSOLUTE
    system_stm32f10x.c                       0x00000000   Number         0  system_stm32f10x.o ABSOLUTE
    RESET                                    0x08000000   Section      236  startup_stm32f10x_md.o(RESET)
    !!!main                                  0x080000ec   Section        8  __main.o(!!!main)
    !!!scatter                               0x080000f4   Section       52  __scatter.o(!!!scatter)
    !!dczerorl2                              0x08000128   Section       90  __dczerorl2.o(!!dczerorl2)
    !!handler_zi                             0x08000184   Section       28  __scatter_zi.o(!!handler_zi)
    .ARM.Collect$$libinit$$00000000          0x080001a0   Section        6  libinit.o(.ARM.Collect$$libinit$$00000000)
    .ARM.Collect$$libinit$$00000006          0x080001a6   Section        0  libinit2.o(.ARM.Collect$$libinit$$00000006)
    .ARM.Collect$$libinit$$00000008          0x080001a6   Section        0  libinit2.o(.ARM.Collect$$libinit$$00000008)
    .ARM.Collect$$libinit$$0000000A          0x080001a6   Section        0  libinit2.o(.ARM.Collect$$libinit$$0000000A)
    .ARM.Collect$$libinit$$0000000D          0x080001a6   Section        0  libinit2.o(.ARM.Collect$$libinit$$0000000D)
    .ARM.Collect$$libinit$$0000000F          0x080001a6   Section        0  libinit2.o(.ARM.Collect$$libinit$$0000000F)
    .ARM.Collect$$libinit$$00000011          0x080001a6   Section        0  libinit2.o(.ARM.Collect$$libinit$$00000011)
    .ARM.Collect$$libinit$$00000013          0x080001a6   Section        0  libinit2.o(.ARM.Collect$$libinit$$00000013)
    .ARM.Collect$$libinit$$00000015          0x080001a6   Section        0  libinit2.o(.ARM.Collect$$libinit$$00000015)
    .ARM.Collect$$libinit$$00000017          0x080001a6   Section        0  libinit2.o(.ARM.Collect$$libinit$$00000017)
    .ARM.Collect$$libinit$$00000019          0x080001a6   Section        0  libinit2.o(.ARM.Collect$$libinit$$00000019)
    .ARM.Collect$$libinit$$0000001B          0x080001a6   Section        0  libinit2.o(.ARM.Collect$$libinit$$0000001B)
    .ARM.Collect$$libinit$$0000001D          0x080001a6   Section        0  libinit2.o(.ARM.Collect$$libinit$$0000001D)
    .ARM.Collect$$libinit$$0000001F          0x080001a6   Section        0  libinit2.o(.ARM.Collect$$libinit$$0000001F)
    .ARM.Collect$$libinit$$00000021          0x080001a6   Section        0  libinit2.o(.ARM.Collect$$libinit$$00000021)
    .ARM.Collect$$libinit$$00000028          0x080001a6   Section        0  libinit2.o(.ARM.Collect$$libinit$$00000028)
    .ARM.Collect$$libinit$$0000002A          0x080001a6   Section        0  libinit2.o(.ARM.Collect$$libinit$$0000002A)
    .ARM.Collect$$libinit$$0000002C          0x080001a6   Section        0  libinit2.o(.ARM.Collect$$libinit$$0000002C)
    .ARM.Collect$$libinit$$0000002E          0x080001a6   Section        0  libinit2.o(.ARM.Collect$$libinit$$0000002E)
    .ARM.Collect$$libinit$$0000002F          0x080001a6   Section        2  libinit2.o(.ARM.Collect$$libinit$$0000002F)
    .ARM.Collect$$libshutdown$$00000000      0x080001a8   Section        2  libshutdown.o(.ARM.Collect$$libshutdown$$00000000)
    .ARM.Collect$$libshutdown$$00000003      0x080001aa   Section        0  libshutdown2.o(.ARM.Collect$$libshutdown$$00000003)
    .ARM.Collect$$libshutdown$$00000006      0x080001aa   Section        0  libshutdown2.o(.ARM.Collect$$libshutdown$$00000006)
    .ARM.Collect$$libshutdown$$00000009      0x080001aa   Section        0  libshutdown2.o(.ARM.Collect$$libshutdown$$00000009)
    .ARM.Collect$$libshutdown$$0000000B      0x080001aa   Section        0  libshutdown2.o(.ARM.Collect$$libshutdown$$0000000B)
    .ARM.Collect$$libshutdown$$0000000E      0x080001aa   Section        0  libshutdown2.o(.ARM.Collect$$libshutdown$$0000000E)
    .ARM.Collect$$libshutdown$$0000000F      0x080001aa   Section        2  libshutdown2.o(.ARM.Collect$$libshutdown$$0000000F)
    .ARM.Collect$$rtentry$$00000000          0x080001ac   Section        0  rtentry.o(.ARM.Collect$$rtentry$$00000000)
    .ARM.Collect$$rtentry$$00000002          0x080001ac   Section        0  rtentry2.o(.ARM.Collect$$rtentry$$00000002)
    .ARM.Collect$$rtentry$$00000004          0x080001ac   Section        6  rtentry4.o(.ARM.Collect$$rtentry$$00000004)
    .ARM.Collect$$rtentry$$00000009          0x080001b2   Section        0  rtentry2.o(.ARM.Collect$$rtentry$$00000009)
    .ARM.Collect$$rtentry$$0000000A          0x080001b2   Section        4  rtentry2.o(.ARM.Collect$$rtentry$$0000000A)
    .ARM.Collect$$rtentry$$0000000C          0x080001b6   Section        0  rtentry2.o(.ARM.Collect$$rtentry$$0000000C)
    .ARM.Collect$$rtentry$$0000000D          0x080001b6   Section        8  rtentry2.o(.ARM.Collect$$rtentry$$0000000D)
    .ARM.Collect$$rtexit$$00000000           0x080001be   Section        2  rtexit.o(.ARM.Collect$$rtexit$$00000000)
    .ARM.Collect$$rtexit$$00000002           0x080001c0   Section        0  rtexit2.o(.ARM.Collect$$rtexit$$00000002)
    .ARM.Collect$$rtexit$$00000003           0x080001c0   Section        4  rtexit2.o(.ARM.Collect$$rtexit$$00000003)
    .ARM.Collect$$rtexit$$00000004           0x080001c4   Section        6  rtexit2.o(.ARM.Collect$$rtexit$$00000004)
    .text                                    0x080001cc   Section        0  main.o(.text)
    .text                                    0x080003d8   Section        0  stm32f10x_it.o(.text)
    .text                                    0x08000484   Section        0  system_stm32f10x.o(.text)
    SetSysClockTo72                          0x08000485   Thumb Code   192  system_stm32f10x.o(.text)
    SetSysClock                              0x08000545   Thumb Code     8  system_stm32f10x.o(.text)
    .text                                    0x0800064c   Section        0  yk.o(.text)
    .text                                    0x08000a0c   Section        0  t_sensor.o(.text)
    .text                                    0x08000b2c   Section        0  switch.o(.text)
    .text                                    0x08000b98   Section        0  led.o(.text)
    .text                                    0x08000bdc   Section        0  timer2.o(.text)
    .text                                    0x08000c88   Section       64  startup_stm32f10x_md.o(.text)
    .text                                    0x08000cc8   Section        0  stm32f10x_gpio.o(.text)
    .text                                    0x08001020   Section        0  stm32f10x_rcc.o(.text)
    .text                                    0x080013c0   Section        0  stm32f10x_tim.o(.text)
    TI4_Config                               0x0800184b   Thumb Code   118  stm32f10x_tim.o(.text)
    TI3_Config                               0x080018d3   Thumb Code   114  stm32f10x_tim.o(.text)
    TI2_Config                               0x0800195b   Thumb Code   118  stm32f10x_tim.o(.text)
    TI1_Config                               0x080019e3   Thumb Code   106  stm32f10x_tim.o(.text)
    .text                                    0x08002170   Section        0  stm32f10x_usart.o(.text)
    .text                                    0x0800257c   Section        0  misc.o(.text)
    .text                                    0x08002658   Section        0  stm32f10x_dma.o(.text)
    .text                                    0x080028a8   Section        0  stm32f10x_adc.o(.text)
    .text                                    0x08002ce4   Section        0  mb.o(.text)
    .text                                    0x08003030   Section        0  mbascii.o(.text)
    prvucMBLRC                               0x08003093   Thumb Code    32  mbascii.o(.text)
    prvucMBCHAR2BIN                          0x08003171   Thumb Code    38  mbascii.o(.text)
    prvucMBBIN2CHAR                          0x080032bd   Thumb Code    44  mbascii.o(.text)
    .text                                    0x080034cc   Section        0  mbfunccoils.o(.text)
    .text                                    0x0800366c   Section        0  mbfuncdisc.o(.text)
    .text                                    0x08003710   Section        0  mbfuncholding.o(.text)
    .text                                    0x08003910   Section        0  mbfuncinput.o(.text)
    .text                                    0x08003994   Section        0  mbfuncother.o(.text)
    .text                                    0x08003a28   Section        0  mbutils.o(.text)
    .text                                    0x08003b18   Section        0  mbcrc.o(.text)
    .text                                    0x08003b50   Section        0  mbrtu.o(.text)
    .text                                    0x08003eb4   Section        0  portevent.o(.text)
    .text                                    0x08003ef0   Section        0  portserial.o(.text)
    prvvUARTTxReadyISR                       0x0800402b   Thumb Code    10  portserial.o(.text)
    prvvUARTRxISR                            0x08004035   Thumb Code    10  portserial.o(.text)
    .text                                    0x0800408c   Section        0  porttimer.o(.text)
    prvvTIMERExpiredISR                      0x0800415f   Thumb Code    10  porttimer.o(.text)
    .text                                    0x08004190   Section        0  assert.o(.text)
    .text                                    0x0800420c   Section      138  rt_memcpy_v6.o(.text)
    .text                                    0x08004296   Section        0  heapauxi.o(.text)
    .text                                    0x0800429c   Section        0  abort.o(.text)
    .text                                    0x080042ac   Section        0  assert_puts.o(.text)
    .text                                    0x080042c0   Section      100  rt_memcpy_w.o(.text)
    .text                                    0x08004324   Section        0  sys_wrch.o(.text)
    .text                                    0x08004334   Section        0  sys_exit.o(.text)
    .text                                    0x08004340   Section        0  defsig_abrt_outer.o(.text)
    .text                                    0x0800434e   Section        2  use_no_semi.o(.text)
    .text                                    0x08004350   Section        0  indicate_semi.o(.text)
    .text                                    0x08004350   Section       74  sys_stackheap_outer.o(.text)
    .text                                    0x0800439a   Section        0  exit.o(.text)
    .text                                    0x080043a6   Section        0  defsig_exit.o(.text)
    .text                                    0x080043b0   Section        0  defsig_abrt_inner.o(.text)
    .text                                    0x080043e0   Section        8  libspace.o(.text)
    .text                                    0x080043e8   Section        0  defsig_general.o(.text)
    .text                                    0x0800441c   Section        8  rt_fp_status_addr_intlibspace.o(.text)
    x$fpl$fpinit                             0x08004424   Section       14  fpinit.o(x$fpl$fpinit)
    .constdata                               0x08004434   Section       68  mbascii.o(.constdata)
    .constdata                               0x08004478   Section      512  mbcrc.o(.constdata)
    aucCRCHi                                 0x08004478   Data         256  mbcrc.o(.constdata)
    aucCRCLo                                 0x08004578   Data         256  mbcrc.o(.constdata)
    .constdata                               0x08004678   Section       99  mbrtu.o(.constdata)
    .data                                    0x20000000   Section       42  main.o(.data)
    .data                                    0x2000002c   Section       20  system_stm32f10x.o(.data)
    .data                                    0x20000040   Section        4  yk.o(.data)
    .data                                    0x20000044   Section        2  t_sensor.o(.data)
    .data                                    0x20000048   Section        4  timer2.o(.data)
    .data                                    0x2000004c   Section       20  stm32f10x_rcc.o(.data)
    APBAHBPrescTable                         0x2000004c   Data          16  stm32f10x_rcc.o(.data)
    ADCPrescTable                            0x2000005c   Data           4  stm32f10x_rcc.o(.data)
    .data                                    0x20000060   Section      184  mb.o(.data)
    eMBState                                 0x20000060   Data           1  mb.o(.data)
    xFuncHandlers                            0x20000064   Data         128  mb.o(.data)
    ucMBFrame                                0x200000e4   Data           4  mb.o(.data)
    ucRcvAddress                             0x200000e8   Data           1  mb.o(.data)
    ucFunctionCode                           0x200000e9   Data           1  mb.o(.data)
    usLength                                 0x200000ea   Data           2  mb.o(.data)
    eException                               0x200000ec   Data           1  mb.o(.data)
    ucMBAddress                              0x200000ed   Data           1  mb.o(.data)
    eMBCurrentMode                           0x200000ee   Data           1  mb.o(.data)
    peMBFrameSendCur                         0x200000f0   Data           4  mb.o(.data)
    pvMBFrameStartCur                        0x200000f4   Data           4  mb.o(.data)
    pvMBFrameStopCur                         0x200000f8   Data           4  mb.o(.data)
    peMBFrameReceiveCur                      0x200000fc   Data           4  mb.o(.data)
    pvMBFrameCloseCur                        0x20000100   Data           4  mb.o(.data)
    .data                                    0x20000118   Section       20  mbascii.o(.data)
    ucASCIIBuf                               0x20000118   Data           4  mbascii.o(.data)
    eSndState                                0x2000011c   Data           1  mbascii.o(.data)
    eRcvState                                0x2000011d   Data           1  mbascii.o(.data)
    usRcvBufferPos                           0x2000011e   Data           2  mbascii.o(.data)
    eBytePos                                 0x20000120   Data           1  mbascii.o(.data)
    pucSndBufferCur                          0x20000124   Data           4  mbascii.o(.data)
    usSndBufferCount                         0x20000128   Data           2  mbascii.o(.data)
    ucLRC                                    0x2000012a   Data           1  mbascii.o(.data)
    ucMBLFCharacter                          0x2000012b   Data           1  mbascii.o(.data)
    .data                                    0x2000012c   Section        2  mbfuncother.o(.data)
    usMBSlaveIDLen                           0x2000012c   Data           2  mbfuncother.o(.data)
    .data                                    0x20000130   Section       12  mbrtu.o(.data)
    eSndState                                0x20000130   Data           1  mbrtu.o(.data)
    eRcvState                                0x20000131   Data           1  mbrtu.o(.data)
    pucSndBufferCur                          0x20000134   Data           4  mbrtu.o(.data)
    usSndBufferCount                         0x20000138   Data           2  mbrtu.o(.data)
    usRcvBufferPos                           0x2000013a   Data           2  mbrtu.o(.data)
    .data                                    0x2000013c   Section        2  portevent.o(.data)
    eQueuedEvent                             0x2000013c   Data           1  portevent.o(.data)
    xEventInQueue                            0x2000013d   Data           1  portevent.o(.data)
    .bss                                     0x20000140   Section      146  yk.o(.bss)
    .bss                                     0x200001d2   Section       32  mbfuncother.o(.bss)
    ucMBSlaveID                              0x200001d2   Data          32  mbfuncother.o(.bss)
    .bss                                     0x200001f2   Section      256  mbrtu.o(.bss)
    .bss                                     0x200002f4   Section       96  libspace.o(.bss)
    HEAP                                     0x20000358   Section      512  startup_stm32f10x_md.o(HEAP)
    Heap_Mem                                 0x20000358   Data         512  startup_stm32f10x_md.o(HEAP)
    STACK                                    0x20000558   Section     1024  startup_stm32f10x_md.o(STACK)
    Stack_Mem                                0x20000558   Data        1024  startup_stm32f10x_md.o(STACK)
    __initial_sp                             0x20000958   Data           0  startup_stm32f10x_md.o(STACK)

    Global Symbols

    Symbol Name                              Value     Ov Type        Size  Object(Section)

    BuildAttributes$$THM_ISAv4$P$D$K$B$S$PE$A:L22UL41UL21$X:L11$S22US41US21$IEEE1$IW$USESV6$~STKCKD$USESV7$~SHL$OSPACE$ROPI$EBA8$UX$STANDARDLIB$REQ8$PRES8$EABIv2 0x00000000   Number         0  anon$$obj.o ABSOLUTE
    __ARM_use_no_argv                        0x00000000   Number         0  main.o ABSOLUTE
    __ARM_exceptions_init                     - Undefined Weak Reference
    __alloca_initialize                       - Undefined Weak Reference
    __cpp_initialize__aeabi_                  - Undefined Weak Reference
    __cxa_finalize                            - Undefined Weak Reference
    __rt_locale                               - Undefined Weak Reference
    __sigvec_lookup                           - Undefined Weak Reference
    _atexit_init                              - Undefined Weak Reference
    _call_atexit_fns                          - Undefined Weak Reference
    _clock_init                               - Undefined Weak Reference
    _fp_trap_init                             - Undefined Weak Reference
    _fp_trap_shutdown                         - Undefined Weak Reference
    _get_lc_collate                           - Undefined Weak Reference
    _get_lc_ctype                             - Undefined Weak Reference
    _get_lc_monetary                          - Undefined Weak Reference
    _get_lc_numeric                           - Undefined Weak Reference
    _get_lc_time                              - Undefined Weak Reference
    _getenv_init                              - Undefined Weak Reference
    _handle_redirection                       - Undefined Weak Reference
    _init_alloc                               - Undefined Weak Reference
    _init_user_alloc                          - Undefined Weak Reference
    _initio                                   - Undefined Weak Reference
    _rand_init                                - Undefined Weak Reference
    _signal_finish                            - Undefined Weak Reference
    _signal_init                              - Undefined Weak Reference
    _terminate_alloc                          - Undefined Weak Reference
    _terminate_user_alloc                     - Undefined Weak Reference
    _terminateio                              - Undefined Weak Reference
    __Vectors_Size                           0x000000ec   Number         0  startup_stm32f10x_md.o ABSOLUTE
    __Vectors                                0x08000000   Data           4  startup_stm32f10x_md.o(RESET)
    __Vectors_End                            0x080000ec   Data           0  startup_stm32f10x_md.o(RESET)
    __main                                   0x080000ed   Thumb Code     8  __main.o(!!!main)
    __scatterload                            0x080000f5   Thumb Code     0  __scatter.o(!!!scatter)
    __scatterload_rt2                        0x080000f5   Thumb Code    44  __scatter.o(!!!scatter)
    __scatterload_rt2_thumb_only             0x080000f5   Thumb Code     0  __scatter.o(!!!scatter)
    __scatterload_null                       0x08000103   Thumb Code     0  __scatter.o(!!!scatter)
    __decompress                             0x08000129   Thumb Code    90  __dczerorl2.o(!!dczerorl2)
    __decompress1                            0x08000129   Thumb Code     0  __dczerorl2.o(!!dczerorl2)
    __scatterload_zeroinit                   0x08000185   Thumb Code    28  __scatter_zi.o(!!handler_zi)
    __rt_lib_init                            0x080001a1   Thumb Code     0  libinit.o(.ARM.Collect$$libinit$$00000000)
    __rt_lib_init_alloca_1                   0x080001a7   Thumb Code     0  libinit2.o(.ARM.Collect$$libinit$$0000002A)
    __rt_lib_init_argv_1                     0x080001a7   Thumb Code     0  libinit2.o(.ARM.Collect$$libinit$$00000028)
    __rt_lib_init_atexit_1                   0x080001a7   Thumb Code     0  libinit2.o(.ARM.Collect$$libinit$$00000017)
    __rt_lib_init_clock_1                    0x080001a7   Thumb Code     0  libinit2.o(.ARM.Collect$$libinit$$0000001D)
    __rt_lib_init_cpp_1                      0x080001a7   Thumb Code     0  libinit2.o(.ARM.Collect$$libinit$$0000002E)
    __rt_lib_init_exceptions_1               0x080001a7   Thumb Code     0  libinit2.o(.ARM.Collect$$libinit$$0000002C)
    __rt_lib_init_fp_trap_1                  0x080001a7   Thumb Code     0  libinit2.o(.ARM.Collect$$libinit$$0000001B)
    __rt_lib_init_getenv_1                   0x080001a7   Thumb Code     0  libinit2.o(.ARM.Collect$$libinit$$0000001F)
    __rt_lib_init_heap_1                     0x080001a7   Thumb Code     0  libinit2.o(.ARM.Collect$$libinit$$00000006)
    __rt_lib_init_lc_collate_1               0x080001a7   Thumb Code     0  libinit2.o(.ARM.Collect$$libinit$$0000000D)
    __rt_lib_init_lc_ctype_1                 0x080001a7   Thumb Code     0  libinit2.o(.ARM.Collect$$libinit$$0000000F)
    __rt_lib_init_lc_monetary_1              0x080001a7   Thumb Code     0  libinit2.o(.ARM.Collect$$libinit$$00000011)
    __rt_lib_init_lc_numeric_1               0x080001a7   Thumb Code     0  libinit2.o(.ARM.Collect$$libinit$$00000013)
    __rt_lib_init_lc_time_1                  0x080001a7   Thumb Code     0  libinit2.o(.ARM.Collect$$libinit$$00000015)
    __rt_lib_init_rand_1                     0x080001a7   Thumb Code     0  libinit2.o(.ARM.Collect$$libinit$$0000000A)
    __rt_lib_init_return                     0x080001a7   Thumb Code     0  libinit2.o(.ARM.Collect$$libinit$$0000002F)
    __rt_lib_init_signal_1                   0x080001a7   Thumb Code     0  libinit2.o(.ARM.Collect$$libinit$$00000019)
    __rt_lib_init_stdio_1                    0x080001a7   Thumb Code     0  libinit2.o(.ARM.Collect$$libinit$$00000021)
    __rt_lib_init_user_alloc_1               0x080001a7   Thumb Code     0  libinit2.o(.ARM.Collect$$libinit$$00000008)
    __rt_lib_shutdown                        0x080001a9   Thumb Code     0  libshutdown.o(.ARM.Collect$$libshutdown$$00000000)
    __rt_lib_shutdown_fp_trap_1              0x080001ab   Thumb Code     0  libshutdown2.o(.ARM.Collect$$libshutdown$$00000006)
    __rt_lib_shutdown_heap_1                 0x080001ab   Thumb Code     0  libshutdown2.o(.ARM.Collect$$libshutdown$$0000000E)
    __rt_lib_shutdown_return                 0x080001ab   Thumb Code     0  libshutdown2.o(.ARM.Collect$$libshutdown$$0000000F)
    __rt_lib_shutdown_signal_1               0x080001ab   Thumb Code     0  libshutdown2.o(.ARM.Collect$$libshutdown$$00000009)
    __rt_lib_shutdown_stdio_1                0x080001ab   Thumb Code     0  libshutdown2.o(.ARM.Collect$$libshutdown$$00000003)
    __rt_lib_shutdown_user_alloc_1           0x080001ab   Thumb Code     0  libshutdown2.o(.ARM.Collect$$libshutdown$$0000000B)
    __rt_entry                               0x080001ad   Thumb Code     0  rtentry.o(.ARM.Collect$$rtentry$$00000000)
    __rt_entry_presh_1                       0x080001ad   Thumb Code     0  rtentry2.o(.ARM.Collect$$rtentry$$00000002)
    __rt_entry_sh                            0x080001ad   Thumb Code     0  rtentry4.o(.ARM.Collect$$rtentry$$00000004)
    __rt_entry_li                            0x080001b3   Thumb Code     0  rtentry2.o(.ARM.Collect$$rtentry$$0000000A)
    __rt_entry_postsh_1                      0x080001b3   Thumb Code     0  rtentry2.o(.ARM.Collect$$rtentry$$00000009)
    __rt_entry_main                          0x080001b7   Thumb Code     0  rtentry2.o(.ARM.Collect$$rtentry$$0000000D)
    __rt_entry_postli_1                      0x080001b7   Thumb Code     0  rtentry2.o(.ARM.Collect$$rtentry$$0000000C)
    __rt_exit                                0x080001bf   Thumb Code     0  rtexit.o(.ARM.Collect$$rtexit$$00000000)
    __rt_exit_ls                             0x080001c1   Thumb Code     0  rtexit2.o(.ARM.Collect$$rtexit$$00000003)
    __rt_exit_prels_1                        0x080001c1   Thumb Code     0  rtexit2.o(.ARM.Collect$$rtexit$$00000002)
    __rt_exit_exit                           0x080001c5   Thumb Code     0  rtexit2.o(.ARM.Collect$$rtexit$$00000004)
    main                                     0x080001cd   Thumb Code    70  main.o(.text)
    eMBRegInputCB                            0x08000213   Thumb Code    68  main.o(.text)
    eMBRegHoldingCB                          0x08000257   Thumb Code   124  main.o(.text)
    eMBRegCoilsCB                            0x080002d3   Thumb Code   146  main.o(.text)
    eMBRegDiscreteCB                         0x08000365   Thumb Code    90  main.o(.text)
    NMI_Handler                              0x080003d9   Thumb Code     2  stm32f10x_it.o(.text)
    HardFault_Handler                        0x080003db   Thumb Code     4  stm32f10x_it.o(.text)
    MemManage_Handler                        0x080003df   Thumb Code     4  stm32f10x_it.o(.text)
    BusFault_Handler                         0x080003e3   Thumb Code     4  stm32f10x_it.o(.text)
    UsageFault_Handler                       0x080003e7   Thumb Code     4  stm32f10x_it.o(.text)
    SVC_Handler                              0x080003eb   Thumb Code     2  stm32f10x_it.o(.text)
    DebugMon_Handler                         0x080003ed   Thumb Code     2  stm32f10x_it.o(.text)
    PendSV_Handler                           0x080003ef   Thumb Code     2  stm32f10x_it.o(.text)
    SysTick_Handler                          0x080003f1   Thumb Code     2  stm32f10x_it.o(.text)
    USART2_IRQHandler                        0x080003f3   Thumb Code   118  stm32f10x_it.o(.text)
    SystemInit                               0x0800054d   Thumb Code    78  system_stm32f10x.o(.text)
    SystemCoreClockUpdate                    0x0800059b   Thumb Code   142  system_stm32f10x.o(.text)
    Serial2_Init                             0x0800064d   Thumb Code   182  yk.o(.text)
    Enable_TxRx                              0x08000703   Thumb Code    50  yk.o(.text)
    Send_Air                                 0x08000735   Thumb Code   166  yk.o(.text)
    Air_Init                                 0x080007db   Thumb Code   190  yk.o(.text)
    Air_Sub_Poll                             0x08000899   Thumb Code   108  yk.o(.text)
    Air_Poll                                 0x08000905   Thumb Code   218  yk.o(.text)
    ADC1_Init                                0x08000a0d   Thumb Code   248  t_sensor.o(.text)
    ADC1_Poll                                0x08000b05   Thumb Code    24  t_sensor.o(.text)
    Switch_Init                              0x08000b2d   Thumb Code    40  switch.o(.text)
    Get_Address                              0x08000b55   Thumb Code    62  switch.o(.text)
    Led_Init                                 0x08000b99   Thumb Code    38  led.o(.text)
    Led1_ON                                  0x08000bbf   Thumb Code    12  led.o(.text)
    Led1_OFF                                 0x08000bcb   Thumb Code    12  led.o(.text)
    Timer2_Init                              0x08000bdd   Thumb Code    92  timer2.o(.text)
    TIM2_IRQHandler                          0x08000c39   Thumb Code    74  timer2.o(.text)
    Reset_Handler                            0x08000c89   Thumb Code     8  startup_stm32f10x_md.o(.text)
    ADC1_2_IRQHandler                        0x08000ca3   Thumb Code     0  startup_stm32f10x_md.o(.text)
    CAN1_RX1_IRQHandler                      0x08000ca3   Thumb Code     0  startup_stm32f10x_md.o(.text)
    CAN1_SCE_IRQHandler                      0x08000ca3   Thumb Code     0  startup_stm32f10x_md.o(.text)
    DMA1_Channel1_IRQHandler                 0x08000ca3   Thumb Code     0  startup_stm32f10x_md.o(.text)
    DMA1_Channel2_IRQHandler                 0x08000ca3   Thumb Code     0  startup_stm32f10x_md.o(.text)
    DMA1_Channel3_IRQHandler                 0x08000ca3   Thumb Code     0  startup_stm32f10x_md.o(.text)
    DMA1_Channel4_IRQHandler                 0x08000ca3   Thumb Code     0  startup_stm32f10x_md.o(.text)
    DMA1_Channel5_IRQHandler                 0x08000ca3   Thumb Code     0  startup_stm32f10x_md.o(.text)
    DMA1_Channel6_IRQHandler                 0x08000ca3   Thumb Code     0  startup_stm32f10x_md.o(.text)
    DMA1_Channel7_IRQHandler                 0x08000ca3   Thumb Code     0  startup_stm32f10x_md.o(.text)
    EXTI0_IRQHandler                         0x08000ca3   Thumb Code     0  startup_stm32f10x_md.o(.text)
    EXTI15_10_IRQHandler                     0x08000ca3   Thumb Code     0  startup_stm32f10x_md.o(.text)
    EXTI1_IRQHandler                         0x08000ca3   Thumb Code     0  startup_stm32f10x_md.o(.text)
    EXTI2_IRQHandler                         0x08000ca3   Thumb Code     0  startup_stm32f10x_md.o(.text)
    EXTI3_IRQHandler                         0x08000ca3   Thumb Code     0  startup_stm32f10x_md.o(.text)
    EXTI4_IRQHandler                         0x08000ca3   Thumb Code     0  startup_stm32f10x_md.o(.text)
    EXTI9_5_IRQHandler                       0x08000ca3   Thumb Code     0  startup_stm32f10x_md.o(.text)
    FLASH_IRQHandler                         0x08000ca3   Thumb Code     0  startup_stm32f10x_md.o(.text)
    I2C1_ER_IRQHandler                       0x08000ca3   Thumb Code     0  startup_stm32f10x_md.o(.text)
    I2C1_EV_IRQHandler                       0x08000ca3   Thumb Code     0  startup_stm32f10x_md.o(.text)
    I2C2_ER_IRQHandler                       0x08000ca3   Thumb Code     0  startup_stm32f10x_md.o(.text)
    I2C2_EV_IRQHandler                       0x08000ca3   Thumb Code     0  startup_stm32f10x_md.o(.text)
    PVD_IRQHandler                           0x08000ca3   Thumb Code     0  startup_stm32f10x_md.o(.text)
    RCC_IRQHandler                           0x08000ca3   Thumb Code     0  startup_stm32f10x_md.o(.text)
    RTCAlarm_IRQHandler                      0x08000ca3   Thumb Code     0  startup_stm32f10x_md.o(.text)
    RTC_IRQHandler                           0x08000ca3   Thumb Code     0  startup_stm32f10x_md.o(.text)
    SPI1_IRQHandler                          0x08000ca3   Thumb Code     0  startup_stm32f10x_md.o(.text)
    SPI2_IRQHandler                          0x08000ca3   Thumb Code     0  startup_stm32f10x_md.o(.text)
    TAMPER_IRQHandler                        0x08000ca3   Thumb Code     0  startup_stm32f10x_md.o(.text)
    TIM1_BRK_IRQHandler                      0x08000ca3   Thumb Code     0  startup_stm32f10x_md.o(.text)
    TIM1_CC_IRQHandler                       0x08000ca3   Thumb Code     0  startup_stm32f10x_md.o(.text)
    TIM1_TRG_COM_IRQHandler                  0x08000ca3   Thumb Code     0  startup_stm32f10x_md.o(.text)
    TIM1_UP_IRQHandler                       0x08000ca3   Thumb Code     0  startup_stm32f10x_md.o(.text)
    TIM3_IRQHandler                          0x08000ca3   Thumb Code     0  startup_stm32f10x_md.o(.text)
    USART3_IRQHandler                        0x08000ca3   Thumb Code     0  startup_stm32f10x_md.o(.text)
    USBWakeUp_IRQHandler                     0x08000ca3   Thumb Code     0  startup_stm32f10x_md.o(.text)
    USB_HP_CAN1_TX_IRQHandler                0x08000ca3   Thumb Code     0  startup_stm32f10x_md.o(.text)
    USB_LP_CAN1_RX0_IRQHandler               0x08000ca3   Thumb Code     0  startup_stm32f10x_md.o(.text)
    WWDG_IRQHandler                          0x08000ca3   Thumb Code     0  startup_stm32f10x_md.o(.text)
    __user_initial_stackheap                 0x08000ca5   Thumb Code     0  startup_stm32f10x_md.o(.text)
    GPIO_DeInit                              0x08000cc9   Thumb Code   172  stm32f10x_gpio.o(.text)
    GPIO_AFIODeInit                          0x08000d75   Thumb Code    20  stm32f10x_gpio.o(.text)
    GPIO_Init                                0x08000d89   Thumb Code   274  stm32f10x_gpio.o(.text)
    GPIO_StructInit                          0x08000e9b   Thumb Code    16  stm32f10x_gpio.o(.text)
    GPIO_ReadInputDataBit                    0x08000eab   Thumb Code    18  stm32f10x_gpio.o(.text)
    GPIO_ReadInputData                       0x08000ebd   Thumb Code     8  stm32f10x_gpio.o(.text)
    GPIO_ReadOutputDataBit                   0x08000ec5   Thumb Code    18  stm32f10x_gpio.o(.text)
    GPIO_ReadOutputData                      0x08000ed7   Thumb Code     8  stm32f10x_gpio.o(.text)
    GPIO_SetBits                             0x08000edf   Thumb Code     4  stm32f10x_gpio.o(.text)
    GPIO_ResetBits                           0x08000ee3   Thumb Code     4  stm32f10x_gpio.o(.text)
    GPIO_WriteBit                            0x08000ee7   Thumb Code    10  stm32f10x_gpio.o(.text)
    GPIO_Write                               0x08000ef1   Thumb Code     4  stm32f10x_gpio.o(.text)
    GPIO_PinLockConfig                       0x08000ef5   Thumb Code    18  stm32f10x_gpio.o(.text)
    GPIO_EventOutputConfig                   0x08000f07   Thumb Code    26  stm32f10x_gpio.o(.text)
    GPIO_EventOutputCmd                      0x08000f21   Thumb Code     6  stm32f10x_gpio.o(.text)
    GPIO_PinRemapConfig                      0x08000f27   Thumb Code   138  stm32f10x_gpio.o(.text)
    GPIO_EXTILineConfig                      0x08000fb1   Thumb Code    66  stm32f10x_gpio.o(.text)
    GPIO_ETH_MediaInterfaceConfig            0x08000ff3   Thumb Code     6  stm32f10x_gpio.o(.text)
    RCC_DeInit                               0x08001021   Thumb Code    64  stm32f10x_rcc.o(.text)
    RCC_HSEConfig                            0x08001061   Thumb Code    70  stm32f10x_rcc.o(.text)
    RCC_GetFlagStatus                        0x080010a7   Thumb Code    56  stm32f10x_rcc.o(.text)
    RCC_WaitForHSEStartUp                    0x080010df   Thumb Code    48  stm32f10x_rcc.o(.text)
    RCC_AdjustHSICalibrationValue            0x0800110f   Thumb Code    20  stm32f10x_rcc.o(.text)
    RCC_HSICmd                               0x08001123   Thumb Code     6  stm32f10x_rcc.o(.text)
    RCC_PLLConfig                            0x08001129   Thumb Code    24  stm32f10x_rcc.o(.text)
    RCC_PLLCmd                               0x08001141   Thumb Code     6  stm32f10x_rcc.o(.text)
    RCC_SYSCLKConfig                         0x08001147   Thumb Code    18  stm32f10x_rcc.o(.text)
    RCC_GetSYSCLKSource                      0x08001159   Thumb Code    10  stm32f10x_rcc.o(.text)
    RCC_HCLKConfig                           0x08001163   Thumb Code    18  stm32f10x_rcc.o(.text)
    RCC_PCLK1Config                          0x08001175   Thumb Code    18  stm32f10x_rcc.o(.text)
    RCC_PCLK2Config                          0x08001187   Thumb Code    20  stm32f10x_rcc.o(.text)
    RCC_ITConfig                             0x0800119b   Thumb Code    30  stm32f10x_rcc.o(.text)
    RCC_USBCLKConfig                         0x080011b9   Thumb Code     6  stm32f10x_rcc.o(.text)
    RCC_ADCCLKConfig                         0x080011bf   Thumb Code    18  stm32f10x_rcc.o(.text)
    RCC_LSEConfig                            0x080011d1   Thumb Code    44  stm32f10x_rcc.o(.text)
    RCC_LSICmd                               0x080011fd   Thumb Code     6  stm32f10x_rcc.o(.text)
    RCC_RTCCLKConfig                         0x08001203   Thumb Code    12  stm32f10x_rcc.o(.text)
    RCC_RTCCLKCmd                            0x0800120f   Thumb Code     8  stm32f10x_rcc.o(.text)
    RCC_GetClocksFreq                        0x08001217   Thumb Code   192  stm32f10x_rcc.o(.text)
    RCC_AHBPeriphClockCmd                    0x080012d7   Thumb Code    26  stm32f10x_rcc.o(.text)
    RCC_APB2PeriphClockCmd                   0x080012f1   Thumb Code    26  stm32f10x_rcc.o(.text)
    RCC_APB1PeriphClockCmd                   0x0800130b   Thumb Code    26  stm32f10x_rcc.o(.text)
    RCC_APB2PeriphResetCmd                   0x08001325   Thumb Code    26  stm32f10x_rcc.o(.text)
    RCC_APB1PeriphResetCmd                   0x0800133f   Thumb Code    26  stm32f10x_rcc.o(.text)
    RCC_BackupResetCmd                       0x08001359   Thumb Code     8  stm32f10x_rcc.o(.text)
    RCC_ClockSecuritySystemCmd               0x08001361   Thumb Code     6  stm32f10x_rcc.o(.text)
    RCC_MCOConfig                            0x08001367   Thumb Code     6  stm32f10x_rcc.o(.text)
    RCC_ClearFlag                            0x0800136d   Thumb Code    14  stm32f10x_rcc.o(.text)
    RCC_GetITStatus                          0x0800137b   Thumb Code    20  stm32f10x_rcc.o(.text)
    RCC_ClearITPendingBit                    0x0800138f   Thumb Code     6  stm32f10x_rcc.o(.text)
    TIM_DeInit                               0x080013c1   Thumb Code   424  stm32f10x_tim.o(.text)
    TIM_TimeBaseInit                         0x08001569   Thumb Code   122  stm32f10x_tim.o(.text)
    TIM_OC1Init                              0x080015e3   Thumb Code   132  stm32f10x_tim.o(.text)
    TIM_OC2Init                              0x08001667   Thumb Code   146  stm32f10x_tim.o(.text)
    TIM_OC3Init                              0x080016f9   Thumb Code   142  stm32f10x_tim.o(.text)
    TIM_OC4Init                              0x08001787   Thumb Code   174  stm32f10x_tim.o(.text)
    TIM_SetIC4Prescaler                      0x08001835   Thumb Code    22  stm32f10x_tim.o(.text)
    TIM_SetIC3Prescaler                      0x080018c1   Thumb Code    18  stm32f10x_tim.o(.text)
    TIM_SetIC2Prescaler                      0x08001945   Thumb Code    22  stm32f10x_tim.o(.text)
    TIM_SetIC1Prescaler                      0x080019d1   Thumb Code    18  stm32f10x_tim.o(.text)
    TIM_ICInit                               0x08001a4d   Thumb Code   150  stm32f10x_tim.o(.text)
    TIM_PWMIConfig                           0x08001ae3   Thumb Code   124  stm32f10x_tim.o(.text)
    TIM_BDTRConfig                           0x08001b5f   Thumb Code    32  stm32f10x_tim.o(.text)
    TIM_TimeBaseStructInit                   0x08001b7f   Thumb Code    18  stm32f10x_tim.o(.text)
    TIM_OCStructInit                         0x08001b91   Thumb Code    20  stm32f10x_tim.o(.text)
    TIM_ICStructInit                         0x08001ba5   Thumb Code    18  stm32f10x_tim.o(.text)
    TIM_BDTRStructInit                       0x08001bb7   Thumb Code    18  stm32f10x_tim.o(.text)
    TIM_Cmd                                  0x08001bc9   Thumb Code    24  stm32f10x_tim.o(.text)
    TIM_CtrlPWMOutputs                       0x08001be1   Thumb Code    50  stm32f10x_tim.o(.text)
    TIM_ITConfig                             0x08001c13   Thumb Code    24  stm32f10x_tim.o(.text)
    TIM_GenerateEvent                        0x08001c2b   Thumb Code     4  stm32f10x_tim.o(.text)
    TIM_DMAConfig                            0x08001c2f   Thumb Code    10  stm32f10x_tim.o(.text)
    TIM_DMACmd                               0x08001c39   Thumb Code    24  stm32f10x_tim.o(.text)
    TIM_InternalClockConfig                  0x08001c51   Thumb Code    12  stm32f10x_tim.o(.text)
    TIM_SelectInputTrigger                   0x08001c5d   Thumb Code    18  stm32f10x_tim.o(.text)
    TIM_ITRxExternalClockConfig              0x08001c6f   Thumb Code    24  stm32f10x_tim.o(.text)
    TIM_TIxExternalClockConfig               0x08001c87   Thumb Code    62  stm32f10x_tim.o(.text)
    TIM_ETRConfig                            0x08001cc5   Thumb Code    24  stm32f10x_tim.o(.text)
    TIM_ETRClockMode1Config                  0x08001cdd   Thumb Code    54  stm32f10x_tim.o(.text)
    TIM_ETRClockMode2Config                  0x08001d13   Thumb Code    32  stm32f10x_tim.o(.text)
    TIM_PrescalerConfig                      0x08001d33   Thumb Code     6  stm32f10x_tim.o(.text)
    TIM_CounterModeConfig                    0x08001d39   Thumb Code    18  stm32f10x_tim.o(.text)
    TIM_EncoderInterfaceConfig               0x08001d4b   Thumb Code    62  stm32f10x_tim.o(.text)
    TIM_ForcedOC1Config                      0x08001d89   Thumb Code    18  stm32f10x_tim.o(.text)
    TIM_ForcedOC2Config                      0x08001d9b   Thumb Code    22  stm32f10x_tim.o(.text)
    TIM_ForcedOC3Config                      0x08001db1   Thumb Code    18  stm32f10x_tim.o(.text)
    TIM_ForcedOC4Config                      0x08001dc3   Thumb Code    22  stm32f10x_tim.o(.text)
    TIM_ARRPreloadConfig                     0x08001dd9   Thumb Code    24  stm32f10x_tim.o(.text)
    TIM_SelectCOM                            0x08001df1   Thumb Code    24  stm32f10x_tim.o(.text)
    TIM_SelectCCDMA                          0x08001e09   Thumb Code    24  stm32f10x_tim.o(.text)
    TIM_CCPreloadControl                     0x08001e21   Thumb Code    24  stm32f10x_tim.o(.text)
    TIM_OC1PreloadConfig                     0x08001e39   Thumb Code    18  stm32f10x_tim.o(.text)
    TIM_OC2PreloadConfig                     0x08001e4b   Thumb Code    22  stm32f10x_tim.o(.text)
    TIM_OC3PreloadConfig                     0x08001e61   Thumb Code    18  stm32f10x_tim.o(.text)
    TIM_OC4PreloadConfig                     0x08001e73   Thumb Code    22  stm32f10x_tim.o(.text)
    TIM_OC1FastConfig                        0x08001e89   Thumb Code    18  stm32f10x_tim.o(.text)
    TIM_OC2FastConfig                        0x08001e9b   Thumb Code    22  stm32f10x_tim.o(.text)
    TIM_OC3FastConfig                        0x08001eb1   Thumb Code    18  stm32f10x_tim.o(.text)
    TIM_OC4FastConfig                        0x08001ec3   Thumb Code    22  stm32f10x_tim.o(.text)
    TIM_ClearOC1Ref                          0x08001ed9   Thumb Code    18  stm32f10x_tim.o(.text)
    TIM_ClearOC2Ref                          0x08001eeb   Thumb Code    20  stm32f10x_tim.o(.text)
    TIM_ClearOC3Ref                          0x08001eff   Thumb Code    18  stm32f10x_tim.o(.text)
    TIM_ClearOC4Ref                          0x08001f11   Thumb Code    20  stm32f10x_tim.o(.text)
    TIM_OC1PolarityConfig                    0x08001f25   Thumb Code    18  stm32f10x_tim.o(.text)
    TIM_OC1NPolarityConfig                   0x08001f37   Thumb Code    18  stm32f10x_tim.o(.text)
    TIM_OC2PolarityConfig                    0x08001f49   Thumb Code    22  stm32f10x_tim.o(.text)
    TIM_OC2NPolarityConfig                   0x08001f5f   Thumb Code    22  stm32f10x_tim.o(.text)
    TIM_OC3PolarityConfig                    0x08001f75   Thumb Code    22  stm32f10x_tim.o(.text)
    TIM_OC3NPolarityConfig                   0x08001f8b   Thumb Code    22  stm32f10x_tim.o(.text)
    TIM_OC4PolarityConfig                    0x08001fa1   Thumb Code    22  stm32f10x_tim.o(.text)
    TIM_CCxCmd                               0x08001fb7   Thumb Code    34  stm32f10x_tim.o(.text)
    TIM_CCxNCmd                              0x08001fd9   Thumb Code    34  stm32f10x_tim.o(.text)
    TIM_SelectOCxM                           0x08001ffb   Thumb Code    82  stm32f10x_tim.o(.text)
    TIM_UpdateDisableConfig                  0x0800204d   Thumb Code    24  stm32f10x_tim.o(.text)
    TIM_UpdateRequestConfig                  0x08002065   Thumb Code    24  stm32f10x_tim.o(.text)
    TIM_SelectHallSensor                     0x0800207d   Thumb Code    24  stm32f10x_tim.o(.text)
    TIM_SelectOnePulseMode                   0x08002095   Thumb Code    18  stm32f10x_tim.o(.text)
    TIM_SelectOutputTrigger                  0x080020a7   Thumb Code    18  stm32f10x_tim.o(.text)
    TIM_SelectSlaveMode                      0x080020b9   Thumb Code    18  stm32f10x_tim.o(.text)
    TIM_SelectMasterSlaveMode                0x080020cb   Thumb Code    18  stm32f10x_tim.o(.text)
    TIM_SetCounter                           0x080020dd   Thumb Code     4  stm32f10x_tim.o(.text)
    TIM_SetAutoreload                        0x080020e1   Thumb Code     4  stm32f10x_tim.o(.text)
    TIM_SetCompare1                          0x080020e5   Thumb Code     4  stm32f10x_tim.o(.text)
    TIM_SetCompare2                          0x080020e9   Thumb Code     4  stm32f10x_tim.o(.text)
    TIM_SetCompare3                          0x080020ed   Thumb Code     4  stm32f10x_tim.o(.text)
    TIM_SetCompare4                          0x080020f1   Thumb Code     6  stm32f10x_tim.o(.text)
    TIM_SetClockDivision                     0x080020f7   Thumb Code    18  stm32f10x_tim.o(.text)
    TIM_GetCapture1                          0x08002109   Thumb Code     6  stm32f10x_tim.o(.text)
    TIM_GetCapture2                          0x0800210f   Thumb Code     6  stm32f10x_tim.o(.text)
    TIM_GetCapture3                          0x08002115   Thumb Code     6  stm32f10x_tim.o(.text)
    TIM_GetCapture4                          0x0800211b   Thumb Code     8  stm32f10x_tim.o(.text)
    TIM_GetCounter                           0x08002123   Thumb Code     6  stm32f10x_tim.o(.text)
    TIM_GetPrescaler                         0x08002129   Thumb Code     6  stm32f10x_tim.o(.text)
    TIM_GetFlagStatus                        0x0800212f   Thumb Code    18  stm32f10x_tim.o(.text)
    TIM_ClearFlag                            0x08002141   Thumb Code     6  stm32f10x_tim.o(.text)
    TIM_GetITStatus                          0x08002147   Thumb Code    34  stm32f10x_tim.o(.text)
    TIM_ClearITPendingBit                    0x08002169   Thumb Code     6  stm32f10x_tim.o(.text)
    USART_DeInit                             0x08002171   Thumb Code   134  stm32f10x_usart.o(.text)
    USART_Init                               0x080021f7   Thumb Code   210  stm32f10x_usart.o(.text)
    USART_StructInit                         0x080022c9   Thumb Code    24  stm32f10x_usart.o(.text)
    USART_ClockInit                          0x080022e1   Thumb Code    34  stm32f10x_usart.o(.text)
    USART_ClockStructInit                    0x08002303   Thumb Code    12  stm32f10x_usart.o(.text)
    USART_Cmd                                0x0800230f   Thumb Code    24  stm32f10x_usart.o(.text)
    USART_ITConfig                           0x08002327   Thumb Code    74  stm32f10x_usart.o(.text)
    USART_DMACmd                             0x08002371   Thumb Code    24  stm32f10x_usart.o(.text)
    USART_SetAddress                         0x08002389   Thumb Code    18  stm32f10x_usart.o(.text)
    USART_WakeUpConfig                       0x0800239b   Thumb Code    18  stm32f10x_usart.o(.text)
    USART_ReceiverWakeUpCmd                  0x080023ad   Thumb Code    24  stm32f10x_usart.o(.text)
    USART_LINBreakDetectLengthConfig         0x080023c5   Thumb Code    18  stm32f10x_usart.o(.text)
    USART_LINCmd                             0x080023d7   Thumb Code    24  stm32f10x_usart.o(.text)
    USART_SendData                           0x080023ef   Thumb Code     8  stm32f10x_usart.o(.text)
    USART_ReceiveData                        0x080023f7   Thumb Code    10  stm32f10x_usart.o(.text)
    USART_SendBreak                          0x08002401   Thumb Code    10  stm32f10x_usart.o(.text)
    USART_SetGuardTime                       0x0800240b   Thumb Code    16  stm32f10x_usart.o(.text)
    USART_SetPrescaler                       0x0800241b   Thumb Code    16  stm32f10x_usart.o(.text)
    USART_SmartCardCmd                       0x0800242b   Thumb Code    24  stm32f10x_usart.o(.text)
    USART_SmartCardNACKCmd                   0x08002443   Thumb Code    24  stm32f10x_usart.o(.text)
    USART_HalfDuplexCmd                      0x0800245b   Thumb Code    24  stm32f10x_usart.o(.text)
    USART_OverSampling8Cmd                   0x08002473   Thumb Code    22  stm32f10x_usart.o(.text)
    USART_OneBitMethodCmd                    0x08002489   Thumb Code    24  stm32f10x_usart.o(.text)
    USART_IrDAConfig                         0x080024a1   Thumb Code    18  stm32f10x_usart.o(.text)
    USART_IrDACmd                            0x080024b3   Thumb Code    24  stm32f10x_usart.o(.text)
    USART_GetFlagStatus                      0x080024cb   Thumb Code    26  stm32f10x_usart.o(.text)
    USART_ClearFlag                          0x080024e5   Thumb Code    18  stm32f10x_usart.o(.text)
    USART_GetITStatus                        0x080024f7   Thumb Code    84  stm32f10x_usart.o(.text)
    USART_ClearITPendingBit                  0x0800254b   Thumb Code    50  stm32f10x_usart.o(.text)
    NVIC_PriorityGroupConfig                 0x0800257d   Thumb Code    10  misc.o(.text)
    NVIC_Init                                0x08002587   Thumb Code   102  misc.o(.text)
    NVIC_SetVectorTable                      0x080025ed   Thumb Code    14  misc.o(.text)
    NVIC_SystemLPConfig                      0x080025fb   Thumb Code    34  misc.o(.text)
    SysTick_CLKSourceConfig                  0x0800261d   Thumb Code    40  misc.o(.text)
    DMA_DeInit                               0x08002659   Thumb Code   324  stm32f10x_dma.o(.text)
    DMA_Init                                 0x0800279d   Thumb Code    60  stm32f10x_dma.o(.text)
    DMA_StructInit                           0x080027d9   Thumb Code    26  stm32f10x_dma.o(.text)
    DMA_Cmd                                  0x080027f3   Thumb Code    24  stm32f10x_dma.o(.text)
    DMA_ITConfig                             0x0800280b   Thumb Code    18  stm32f10x_dma.o(.text)
    DMA_SetCurrDataCounter                   0x0800281d   Thumb Code     4  stm32f10x_dma.o(.text)
    DMA_GetCurrDataCounter                   0x08002821   Thumb Code     8  stm32f10x_dma.o(.text)
    DMA_GetFlagStatus                        0x08002829   Thumb Code    38  stm32f10x_dma.o(.text)
    DMA_ClearFlag                            0x0800284f   Thumb Code    22  stm32f10x_dma.o(.text)
    DMA_GetITStatus                          0x08002865   Thumb Code    38  stm32f10x_dma.o(.text)
    DMA_ClearITPendingBit                    0x0800288b   Thumb Code    22  stm32f10x_dma.o(.text)
    ADC_DeInit                               0x080028a9   Thumb Code    78  stm32f10x_adc.o(.text)
    ADC_Init                                 0x080028f7   Thumb Code    70  stm32f10x_adc.o(.text)
    ADC_StructInit                           0x0800293d   Thumb Code    18  stm32f10x_adc.o(.text)
    ADC_Cmd                                  0x0800294f   Thumb Code    22  stm32f10x_adc.o(.text)
    ADC_DMACmd                               0x08002965   Thumb Code    22  stm32f10x_adc.o(.text)
    ADC_ITConfig                             0x0800297b   Thumb Code    24  stm32f10x_adc.o(.text)
    ADC_ResetCalibration                     0x08002993   Thumb Code    10  stm32f10x_adc.o(.text)
    ADC_GetResetCalibrationStatus            0x0800299d   Thumb Code    20  stm32f10x_adc.o(.text)
    ADC_StartCalibration                     0x080029b1   Thumb Code    10  stm32f10x_adc.o(.text)
    ADC_GetCalibrationStatus                 0x080029bb   Thumb Code    20  stm32f10x_adc.o(.text)
    ADC_SoftwareStartConvCmd                 0x080029cf   Thumb Code    22  stm32f10x_adc.o(.text)
    ADC_GetSoftwareStartConvStatus           0x080029e5   Thumb Code    20  stm32f10x_adc.o(.text)
    ADC_DiscModeChannelCountConfig           0x080029f9   Thumb Code    24  stm32f10x_adc.o(.text)
    ADC_DiscModeCmd                          0x08002a11   Thumb Code    22  stm32f10x_adc.o(.text)
    ADC_RegularChannelConfig                 0x08002a27   Thumb Code   184  stm32f10x_adc.o(.text)
    ADC_ExternalTrigConvCmd                  0x08002adf   Thumb Code    22  stm32f10x_adc.o(.text)
    ADC_GetConversionValue                   0x08002af5   Thumb Code     8  stm32f10x_adc.o(.text)
    ADC_GetDualModeConversionValue           0x08002afd   Thumb Code     8  stm32f10x_adc.o(.text)
    ADC_AutoInjectedConvCmd                  0x08002b05   Thumb Code    22  stm32f10x_adc.o(.text)
    ADC_InjectedDiscModeCmd                  0x08002b1b   Thumb Code    22  stm32f10x_adc.o(.text)
    ADC_ExternalTrigInjectedConvConfig       0x08002b31   Thumb Code    16  stm32f10x_adc.o(.text)
    ADC_ExternalTrigInjectedConvCmd          0x08002b41   Thumb Code    22  stm32f10x_adc.o(.text)
    ADC_SoftwareStartInjectedConvCmd         0x08002b57   Thumb Code    22  stm32f10x_adc.o(.text)
    ADC_GetSoftwareStartInjectedConvCmdStatus 0x08002b6d   Thumb Code    20  stm32f10x_adc.o(.text)
    ADC_InjectedChannelConfig                0x08002b81   Thumb Code   130  stm32f10x_adc.o(.text)
    ADC_InjectedSequencerLengthConfig        0x08002c03   Thumb Code    24  stm32f10x_adc.o(.text)
    ADC_SetInjectedOffset                    0x08002c1b   Thumb Code    12  stm32f10x_adc.o(.text)
    ADC_GetInjectedConversionValue           0x08002c27   Thumb Code    18  stm32f10x_adc.o(.text)
    ADC_AnalogWatchdogCmd                    0x08002c39   Thumb Code    16  stm32f10x_adc.o(.text)
    ADC_AnalogWatchdogThresholdsConfig       0x08002c49   Thumb Code     6  stm32f10x_adc.o(.text)
    ADC_AnalogWatchdogSingleChannelConfig    0x08002c4f   Thumb Code    16  stm32f10x_adc.o(.text)
    ADC_TempSensorVrefintCmd                 0x08002c5f   Thumb Code    38  stm32f10x_adc.o(.text)
    ADC_GetFlagStatus                        0x08002c85   Thumb Code    44  stm32f10x_adc.o(.text)
    ADC_ClearFlag                            0x08002cb1   Thumb Code     6  stm32f10x_adc.o(.text)
    ADC_GetITStatus                          0x08002cb7   Thumb Code    36  stm32f10x_adc.o(.text)
    ADC_ClearITPendingBit                    0x08002cdb   Thumb Code    10  stm32f10x_adc.o(.text)
    eMBInit                                  0x08002ce5   Thumb Code   222  mb.o(.text)
    eMBRegisterCB                            0x08002dc3   Thumb Code   124  mb.o(.text)
    eMBClose                                 0x08002e3f   Thumb Code    32  mb.o(.text)
    eMBEnable                                0x08002e5f   Thumb Code    32  mb.o(.text)
    eMBDisable                               0x08002e7f   Thumb Code    42  mb.o(.text)
    eMBPoll                                  0x08002ea9   Thumb Code   268  mb.o(.text)
    eMBASCIIInit                             0x08003031   Thumb Code    60  mbascii.o(.text)
    eMBASCIIStart                            0x0800306d   Thumb Code    22  mbascii.o(.text)
    eMBASCIIStop                             0x08003083   Thumb Code    16  mbascii.o(.text)
    eMBASCIIReceive                          0x080030b3   Thumb Code    88  mbascii.o(.text)
    eMBASCIISend                             0x0800310b   Thumb Code   102  mbascii.o(.text)
    xMBASCIIReceiveFSM                       0x08003197   Thumb Code   294  mbascii.o(.text)
    xMBASCIITransmitFSM                      0x080032e9   Thumb Code   240  mbascii.o(.text)
    xMBASCIITimerT1SExpired                  0x080033d9   Thumb Code   244  mbascii.o(.text)
    eMBFuncReadCoils                         0x080034cd   Thumb Code   166  mbfunccoils.o(.text)
    eMBFuncWriteCoil                         0x08003573   Thumb Code   108  mbfunccoils.o(.text)
    eMBFuncWriteMultipleCoils                0x080035df   Thumb Code   142  mbfunccoils.o(.text)
    eMBFuncReadDiscreteInputs                0x0800366d   Thumb Code   164  mbfuncdisc.o(.text)
    eMBFuncWriteHoldingRegister              0x08003711   Thumb Code    62  mbfuncholding.o(.text)
    eMBFuncWriteMultipleHoldingRegister      0x0800374f   Thumb Code   106  mbfuncholding.o(.text)
    eMBFuncReadHoldingRegister               0x080037b9   Thumb Code   132  mbfuncholding.o(.text)
    eMBFuncReadWriteMultipleHoldingRegister  0x0800383d   Thumb Code   212  mbfuncholding.o(.text)
    eMBFuncReadInputRegister                 0x08003911   Thumb Code   132  mbfuncinput.o(.text)
    eMBSetSlaveID                            0x08003995   Thumb Code   110  mbfuncother.o(.text)
    eMBFuncReportSlaveID                     0x08003a03   Thumb Code    30  mbfuncother.o(.text)
    xMBUtilSetBits                           0x08003a29   Thumb Code   104  mbutils.o(.text)
    xMBUtilGetBits                           0x08003a91   Thumb Code    42  mbutils.o(.text)
    prveMBError2Exception                    0x08003abb   Thumb Code    34  mbutils.o(.text)
    usMBCRC16                                0x08003b19   Thumb Code    48  mbcrc.o(.text)
    eMBRTUInit                               0x08003b51   Thumb Code    76  mbrtu.o(.text)
    eMBRTUStart                              0x08003b9d   Thumb Code    22  mbrtu.o(.text)
    eMBRTUStop                               0x08003bb3   Thumb Code    16  mbrtu.o(.text)
    eMBRTUReceive                            0x08003bc3   Thumb Code    90  mbrtu.o(.text)
    eMBRTUSend                               0x08003c1d   Thumb Code   146  mbrtu.o(.text)
    xMBRTUReceiveFSM                         0x08003caf   Thumb Code   140  mbrtu.o(.text)
    xMBRTUTransmitFSM                        0x08003d3b   Thumb Code   116  mbrtu.o(.text)
    xMBRTUTimerT35Expired                    0x08003daf   Thumb Code    96  mbrtu.o(.text)
    xMBPortEventInit                         0x08003eb5   Thumb Code    10  portevent.o(.text)
    xMBPortEventPost                         0x08003ebf   Thumb Code    16  portevent.o(.text)
    xMBPortEventGet                          0x08003ecf   Thumb Code    26  portevent.o(.text)
    vMBPortSerialEnable                      0x08003ef1   Thumb Code    84  portserial.o(.text)
    xMBPortSerialInit                        0x08003f45   Thumb Code   198  portserial.o(.text)
    xMBPortSerialPutByte                     0x0800400b   Thumb Code    16  portserial.o(.text)
    xMBPortSerialGetByte                     0x0800401b   Thumb Code    16  portserial.o(.text)
    USART1_IRQHandler                        0x0800403f   Thumb Code    60  portserial.o(.text)
    xMBPortTimersInit                        0x0800408d   Thumb Code   134  porttimer.o(.text)
    vMBPortTimersEnable                      0x08004113   Thumb Code    38  porttimer.o(.text)
    vMBPortTimersDisable                     0x08004139   Thumb Code    38  porttimer.o(.text)
    TIM4_IRQHandler                          0x08004169   Thumb Code    26  porttimer.o(.text)
    __aeabi_assert                           0x08004191   Thumb Code    84  assert.o(.text)
    __assert                                 0x08004191   Thumb Code     0  assert.o(.text)
    __aeabi_memcpy                           0x0800420d   Thumb Code     0  rt_memcpy_v6.o(.text)
    __rt_memcpy                              0x0800420d   Thumb Code   138  rt_memcpy_v6.o(.text)
    _memcpy_lastbytes                        0x08004273   Thumb Code     0  rt_memcpy_v6.o(.text)
    __use_two_region_memory                  0x08004297   Thumb Code     2  heapauxi.o(.text)
    __rt_heap_escrow$2region                 0x08004299   Thumb Code     2  heapauxi.o(.text)
    __rt_heap_expand$2region                 0x0800429b   Thumb Code     2  heapauxi.o(.text)
    abort                                    0x0800429d   Thumb Code    16  abort.o(.text)
    __assert_puts                            0x080042ad   Thumb Code    20  assert_puts.o(.text)
    __aeabi_memcpy4                          0x080042c1   Thumb Code     0  rt_memcpy_w.o(.text)
    __aeabi_memcpy8                          0x080042c1   Thumb Code     0  rt_memcpy_w.o(.text)
    __rt_memcpy_w                            0x080042c1   Thumb Code   100  rt_memcpy_w.o(.text)
    _memcpy_lastbytes_aligned                0x08004309   Thumb Code     0  rt_memcpy_w.o(.text)
    _ttywrch                                 0x08004325   Thumb Code    14  sys_wrch.o(.text)
    _sys_exit                                0x08004335   Thumb Code     8  sys_exit.o(.text)
    __rt_SIGABRT                             0x08004341   Thumb Code    14  defsig_abrt_outer.o(.text)
    __I$use$semihosting                      0x0800434f   Thumb Code     0  use_no_semi.o(.text)
    __use_no_semihosting_swi                 0x0800434f   Thumb Code     2  use_no_semi.o(.text)
    __semihosting_library_function           0x08004351   Thumb Code     0  indicate_semi.o(.text)
    __user_setup_stackheap                   0x08004351   Thumb Code    74  sys_stackheap_outer.o(.text)
    exit                                     0x0800439b   Thumb Code    12  exit.o(.text)
    __sig_exit                               0x080043a7   Thumb Code    10  defsig_exit.o(.text)
    __rt_SIGABRT_inner                       0x080043b1   Thumb Code    14  defsig_abrt_inner.o(.text)
    __user_libspace                          0x080043e1   Thumb Code     8  libspace.o(.text)
    __user_perproc_libspace                  0x080043e1   Thumb Code     0  libspace.o(.text)
    __user_perthread_libspace                0x080043e1   Thumb Code     0  libspace.o(.text)
    __default_signal_display                 0x080043e9   Thumb Code    50  defsig_general.o(.text)
    __rt_fp_status_addr                      0x0800441d   Thumb Code     8  rt_fp_status_addr_intlibspace.o(.text)
    _fp_init                                 0x08004425   Thumb Code    14  fpinit.o(x$fpl$fpinit)
    __fplib_config_pureend_doubles           0x08004431   Thumb Code     0  fpinit.o(x$fpl$fpinit)
    Region$$Table$$Base                      0x080046dc   Number         0  anon$$obj.o(Region$$Table)
    Region$$Table$$Limit                     0x080046fc   Number         0  anon$$obj.o(Region$$Table)
    usRegInputBuf                            0x20000000   Data          16  main.o(.data)
    usRegInputStart                          0x20000010   Data           2  main.o(.data)
    usRegHoldingBuf                          0x20000012   Data          18  main.o(.data)
    usRegHoldingStart                        0x20000024   Data           2  main.o(.data)
    ucRegCoilsBuf                            0x20000026   Data           2  main.o(.data)
    ucRegDiscreteBuf                         0x20000028   Data           2  main.o(.data)
    SystemCoreClock                          0x2000002c   Data           4  system_stm32f10x.o(.data)
    AHBPrescTable                            0x20000030   Data          16  system_stm32f10x.o(.data)
    TxCounter2                               0x20000040   Data           1  yk.o(.data)
    RxCounter2                               0x20000041   Data           1  yk.o(.data)
    NumofTX                                  0x20000042   Data           1  yk.o(.data)
    NumofRX                                  0x20000043   Data           1  yk.o(.data)
    ADCConvertedValue                        0x20000044   Data           2  t_sensor.o(.data)
    ms_counter                               0x20000048   Data           4  timer2.o(.data)
    pxMBFrameCBByteReceived                  0x20000104   Data           4  mb.o(.data)
    pxMBFrameCBTransmitterEmpty              0x20000108   Data           4  mb.o(.data)
    pxMBPortCBTimerExpired                   0x2000010c   Data           4  mb.o(.data)
    pxMBFrameCBReceiveFSMCur                 0x20000110   Data           4  mb.o(.data)
    pxMBFrameCBTransmitFSMCur                0x20000114   Data           4  mb.o(.data)
    TxBuffer2                                0x20000140   Data          64  yk.o(.bss)
    RxBuffer2                                0x20000180   Data          64  yk.o(.bss)
    Air_Data                                 0x200001c0   Data          18  yk.o(.bss)
    ucRTUBuf                                 0x200001f2   Data         256  mbrtu.o(.bss)
    __libspace_start                         0x200002f4   Data          96  libspace.o(.bss)
    __temporary_stack_top$libspace           0x20000354   Data           0  libspace.o(.bss)



==============================================================================

Memory Map of the image

  Image Entry point : 0x080000ed

  Load Region LR_IROM1 (Base: 0x08000000, Size: 0x0000483c, Max: 0x00010000, ABSOLUTE, COMPRESSED[0x00004778])

    Execution Region ER_IROM1 (Base: 0x08000000, Size: 0x000046fc, Max: 0x00010000, ABSOLUTE)

    Base Addr    Size         Type   Attr      Idx    E Section Name        Object

    0x08000000   0x000000ec   Data   RO          220    RESET               startup_stm32f10x_md.o
    0x080000ec   0x00000008   Code   RO          586  * !!!main             c_w.l(__main.o)
    0x080000f4   0x00000034   Code   RO          755    !!!scatter          c_w.l(__scatter.o)
    0x08000128   0x0000005a   Code   RO          753    !!dczerorl2         c_w.l(__dczerorl2.o)
    0x08000182   0x00000002   PAD
    0x08000184   0x0000001c   Code   RO          757    !!handler_zi        c_w.l(__scatter_zi.o)
    0x080001a0   0x00000006   Code   RO          636    .ARM.Collect$$libinit$$00000000  c_w.l(libinit.o)
    0x080001a6   0x00000000   Code   RO          648    .ARM.Collect$$libinit$$00000006  c_w.l(libinit2.o)
    0x080001a6   0x00000000   Code   RO          650    .ARM.Collect$$libinit$$00000008  c_w.l(libinit2.o)
    0x080001a6   0x00000000   Code   RO          652    .ARM.Collect$$libinit$$0000000A  c_w.l(libinit2.o)
    0x080001a6   0x00000000   Code   RO          655    .ARM.Collect$$libinit$$0000000D  c_w.l(libinit2.o)
    0x080001a6   0x00000000   Code   RO          657    .ARM.Collect$$libinit$$0000000F  c_w.l(libinit2.o)
    0x080001a6   0x00000000   Code   RO          659    .ARM.Collect$$libinit$$00000011  c_w.l(libinit2.o)
    0x080001a6   0x00000000   Code   RO          661    .ARM.Collect$$libinit$$00000013  c_w.l(libinit2.o)
    0x080001a6   0x00000000   Code   RO          663    .ARM.Collect$$libinit$$00000015  c_w.l(libinit2.o)
    0x080001a6   0x00000000   Code   RO          665    .ARM.Collect$$libinit$$00000017  c_w.l(libinit2.o)
    0x080001a6   0x00000000   Code   RO          667    .ARM.Collect$$libinit$$00000019  c_w.l(libinit2.o)
    0x080001a6   0x00000000   Code   RO          669    .ARM.Collect$$libinit$$0000001B  c_w.l(libinit2.o)
    0x080001a6   0x00000000   Code   RO          671    .ARM.Collect$$libinit$$0000001D  c_w.l(libinit2.o)
    0x080001a6   0x00000000   Code   RO          673    .ARM.Collect$$libinit$$0000001F  c_w.l(libinit2.o)
    0x080001a6   0x00000000   Code   RO          675    .ARM.Collect$$libinit$$00000021  c_w.l(libinit2.o)
    0x080001a6   0x00000000   Code   RO          679    .ARM.Collect$$libinit$$00000028  c_w.l(libinit2.o)
    0x080001a6   0x00000000   Code   RO          681    .ARM.Collect$$libinit$$0000002A  c_w.l(libinit2.o)
    0x080001a6   0x00000000   Code   RO          683    .ARM.Collect$$libinit$$0000002C  c_w.l(libinit2.o)
    0x080001a6   0x00000000   Code   RO          685    .ARM.Collect$$libinit$$0000002E  c_w.l(libinit2.o)
    0x080001a6   0x00000002   Code   RO          686    .ARM.Collect$$libinit$$0000002F  c_w.l(libinit2.o)
    0x080001a8   0x00000002   Code   RO          727    .ARM.Collect$$libshutdown$$00000000  c_w.l(libshutdown.o)
    0x080001aa   0x00000000   Code   RO          738    .ARM.Collect$$libshutdown$$00000003  c_w.l(libshutdown2.o)
    0x080001aa   0x00000000   Code   RO          741    .ARM.Collect$$libshutdown$$00000006  c_w.l(libshutdown2.o)
    0x080001aa   0x00000000   Code   RO          744    .ARM.Collect$$libshutdown$$00000009  c_w.l(libshutdown2.o)
    0x080001aa   0x00000000   Code   RO          746    .ARM.Collect$$libshutdown$$0000000B  c_w.l(libshutdown2.o)
    0x080001aa   0x00000000   Code   RO          749    .ARM.Collect$$libshutdown$$0000000E  c_w.l(libshutdown2.o)
    0x080001aa   0x00000002   Code   RO          750    .ARM.Collect$$libshutdown$$0000000F  c_w.l(libshutdown2.o)
    0x080001ac   0x00000000   Code   RO          588    .ARM.Collect$$rtentry$$00000000  c_w.l(rtentry.o)
    0x080001ac   0x00000000   Code   RO          600    .ARM.Collect$$rtentry$$00000002  c_w.l(rtentry2.o)
    0x080001ac   0x00000006   Code   RO          612    .ARM.Collect$$rtentry$$00000004  c_w.l(rtentry4.o)
    0x080001b2   0x00000000   Code   RO          602    .ARM.Collect$$rtentry$$00000009  c_w.l(rtentry2.o)
    0x080001b2   0x00000004   Code   RO          603    .ARM.Collect$$rtentry$$0000000A  c_w.l(rtentry2.o)
    0x080001b6   0x00000000   Code   RO          605    .ARM.Collect$$rtentry$$0000000C  c_w.l(rtentry2.o)
    0x080001b6   0x00000008   Code   RO          606    .ARM.Collect$$rtentry$$0000000D  c_w.l(rtentry2.o)
    0x080001be   0x00000002   Code   RO          640    .ARM.Collect$$rtexit$$00000000  c_w.l(rtexit.o)
    0x080001c0   0x00000000   Code   RO          690    .ARM.Collect$$rtexit$$00000002  c_w.l(rtexit2.o)
    0x080001c0   0x00000004   Code   RO          691    .ARM.Collect$$rtexit$$00000003  c_w.l(rtexit2.o)
    0x080001c4   0x00000006   Code   RO          692    .ARM.Collect$$rtexit$$00000004  c_w.l(rtexit2.o)
    0x080001ca   0x00000002   PAD
    0x080001cc   0x0000020c   Code   RO            1    .text               main.o
    0x080003d8   0x000000ac   Code   RO           96    .text               stm32f10x_it.o
    0x08000484   0x000001c8   Code   RO          115    .text               system_stm32f10x.o
    0x0800064c   0x000003c0   Code   RO          133    .text               yk.o
    0x08000a0c   0x00000120   Code   RO          153    .text               t_sensor.o
    0x08000b2c   0x0000006c   Code   RO          168    .text               switch.o
    0x08000b98   0x00000044   Code   RO          180    .text               led.o
    0x08000bdc   0x000000ac   Code   RO          192    .text               timer2.o
    0x08000c88   0x00000040   Code   RO          221    .text               startup_stm32f10x_md.o
    0x08000cc8   0x00000358   Code   RO          257    .text               stm32f10x_gpio.o
    0x08001020   0x000003a0   Code   RO          269    .text               stm32f10x_rcc.o
    0x080013c0   0x00000dae   Code   RO          283    .text               stm32f10x_tim.o
    0x0800216e   0x00000002   PAD
    0x08002170   0x0000040c   Code   RO          295    .text               stm32f10x_usart.o
    0x0800257c   0x000000dc   Code   RO          307    .text               misc.o
    0x08002658   0x00000250   Code   RO          319    .text               stm32f10x_dma.o
    0x080028a8   0x0000043c   Code   RO          331    .text               stm32f10x_adc.o
    0x08002ce4   0x0000034c   Code   RO          355    .text               mb.o
    0x08003030   0x0000049c   Code   RO          397    .text               mbascii.o
    0x080034cc   0x000001a0   Code   RO          416    .text               mbfunccoils.o
    0x0800366c   0x000000a4   Code   RO          431    .text               mbfuncdisc.o
    0x08003710   0x00000200   Code   RO          443    .text               mbfuncholding.o
    0x08003910   0x00000084   Code   RO          455    .text               mbfuncinput.o
    0x08003994   0x00000094   Code   RO          467    .text               mbfuncother.o
    0x08003a28   0x000000f0   Code   RO          482    .text               mbutils.o
    0x08003b18   0x00000038   Code   RO          494    .text               mbcrc.o
    0x08003b50   0x00000364   Code   RO          508    .text               mbrtu.o
    0x08003eb4   0x0000003c   Code   RO          534    .text               portevent.o
    0x08003ef0   0x0000019c   Code   RO          548    .text               portserial.o
    0x0800408c   0x00000104   Code   RO          566    .text               porttimer.o
    0x08004190   0x0000007c   Code   RO          580    .text               c_w.l(assert.o)
    0x0800420c   0x0000008a   Code   RO          582    .text               c_w.l(rt_memcpy_v6.o)
    0x08004296   0x00000006   Code   RO          584    .text               c_w.l(heapauxi.o)
    0x0800429c   0x00000010   Code   RO          589    .text               c_w.l(abort.o)
    0x080042ac   0x00000014   Code   RO          591    .text               c_w.l(assert_puts.o)
    0x080042c0   0x00000064   Code   RO          593    .text               c_w.l(rt_memcpy_w.o)
    0x08004324   0x0000000e   Code   RO          595    .text               c_w.l(sys_wrch.o)
    0x08004332   0x00000002   PAD
    0x08004334   0x0000000c   Code   RO          597    .text               c_w.l(sys_exit.o)
    0x08004340   0x0000000e   Code   RO          614    .text               c_w.l(defsig_abrt_outer.o)
    0x0800434e   0x00000002   Code   RO          618    .text               c_w.l(use_no_semi.o)
    0x08004350   0x00000000   Code   RO          620    .text               c_w.l(indicate_semi.o)
    0x08004350   0x0000004a   Code   RO          621    .text               c_w.l(sys_stackheap_outer.o)
    0x0800439a   0x0000000c   Code   RO          625    .text               c_w.l(exit.o)
    0x080043a6   0x0000000a   Code   RO          627    .text               c_w.l(defsig_exit.o)
    0x080043b0   0x00000030   Code   RO          629    .text               c_w.l(defsig_abrt_inner.o)
    0x080043e0   0x00000008   Code   RO          637    .text               c_w.l(libspace.o)
    0x080043e8   0x00000032   Code   RO          644    .text               c_w.l(defsig_general.o)
    0x0800441a   0x00000002   PAD
    0x0800441c   0x00000008   Code   RO          699    .text               c_w.l(rt_fp_status_addr_intlibspace.o)
    0x08004424   0x0000000e   Code   RO          687    x$fpl$fpinit        fz_ws.l(fpinit.o)
    0x08004432   0x00000002   PAD
    0x08004434   0x00000044   Data   RO          398    .constdata          mbascii.o
    0x08004478   0x00000200   Data   RO          495    .constdata          mbcrc.o
    0x08004678   0x00000063   Data   RO          510    .constdata          mbrtu.o
    0x080046db   0x00000001   PAD
    0x080046dc   0x00000020   Data   RO          751    Region$$Table       anon$$obj.o


    Execution Region RW_IRAM1 (Base: 0x20000000, Size: 0x00000958, Max: 0x00005000, ABSOLUTE, COMPRESSED[0x0000007c])

    Base Addr    Size         Type   Attr      Idx    E Section Name        Object

    0x20000000   0x0000002a   Data   RW            2    .data               main.o
    0x2000002a   0x00000002   PAD
    0x2000002c   0x00000014   Data   RW          116    .data               system_stm32f10x.o
    0x20000040   0x00000004   Data   RW          135    .data               yk.o
    0x20000044   0x00000002   Data   RW          154    .data               t_sensor.o
    0x20000046   0x00000002   PAD
    0x20000048   0x00000004   Data   RW          193    .data               timer2.o
    0x2000004c   0x00000014   Data   RW          270    .data               stm32f10x_rcc.o
    0x20000060   0x000000b8   Data   RW          356    .data               mb.o
    0x20000118   0x00000014   Data   RW          399    .data               mbascii.o
    0x2000012c   0x00000002   Data   RW          469    .data               mbfuncother.o
    0x2000012e   0x00000002   PAD
    0x20000130   0x0000000c   Data   RW          511    .data               mbrtu.o
    0x2000013c   0x00000002   Data   RW          535    .data               portevent.o
    0x2000013e   0x00000002   PAD
    0x20000140   0x00000092   Zero   RW          134    .bss                yk.o
    0x200001d2   0x00000020   Zero   RW          468    .bss                mbfuncother.o
    0x200001f2   0x00000100   Zero   RW          509    .bss                mbrtu.o
    0x200002f2   0x00000002   PAD
    0x200002f4   0x00000060   Zero   RW          638    .bss                c_w.l(libspace.o)
    0x20000354   0x00000004   PAD
    0x20000358   0x00000200   Zero   RW          219    HEAP                startup_stm32f10x_md.o
    0x20000558   0x00000400   Zero   RW          218    STACK               startup_stm32f10x_md.o


==============================================================================

Image component sizes


      Code (inc. data)   RO Data    RW Data    ZI Data      Debug   Object Name

         0          0          0          0          0         32   core_cm3.o
        68          6          0          0          0        600   led.o
       524         26          0         42          0     275638   main.o
       844        124          0        184          0       4606   mb.o
      1180        182         68         20          0       4741   mbascii.o
        56          8        512          0          0       1068   mbcrc.o
       416          0          0          0          0       2922   mbfunccoils.o
       164          0          0          0          0       1492   mbfuncdisc.o
       512          0          0          0          0       3777   mbfuncholding.o
       132          0          0          0          0       1443   mbfuncinput.o
       148          8          0          2         32       1653   mbfuncother.o
       868        166         99         12        256       3625   mbrtu.o
       240         60          0          0          0       1862   mbutils.o
       220         20          0          0          0       1685   misc.o
        60          8          0          2          0       1360   portevent.o
       412         18          0          0          0       2288   portserial.o
       260         14          0          0          0       1205   porttimer.o
        64         26        236          0       1536        740   startup_stm32f10x_md.o
      1084         26          0          0          0      10905   stm32f10x_adc.o
         0          0          0          0          0     212232   stm32f10x_dbgmcu.o
       592          8          0          0          0       4250   stm32f10x_dma.o
       856         40          0          0          0       5617   stm32f10x_gpio.o
       172         28          0          0          0       1344   stm32f10x_it.o
       928         44          0         20          0       8736   stm32f10x_rcc.o
      3502         86          0          0          0      22788   stm32f10x_tim.o
      1036         20          0          0          0       8364   stm32f10x_usart.o
       108          6          0          0          0        562   switch.o
       456         36          0         20          0       1571   system_stm32f10x.o
       288         16          0          2          0       1166   t_sensor.o
       172          6          0          4          0        991   timer2.o
       960         46          0          4        146       2542   yk.o

    ----------------------------------------------------------------------
     16324       1028        948        320       1972     591805   Object Totals
         0          0         32          0          0          0   (incl. Generated)
         2          0          1          8          2          0   (incl. Padding)

    ----------------------------------------------------------------------

      Code (inc. data)   RO Data    RW Data    ZI Data      Debug   Library Member Name

        90          0          0          0          0          0   __dczerorl2.o
         8          0          0          0          0         68   __main.o
        52          8          0          0          0          0   __scatter.o
        28          0          0          0          0          0   __scatter_zi.o
        16          0          0          0          0         72   abort.o
       124         40          0          0          0         76   assert.o
        20          0          0          0          0         76   assert_puts.o
        48         34          0          0          0         76   defsig_abrt_inner.o
        14          0          0          0          0         80   defsig_abrt_outer.o
        10          0          0          0          0         68   defsig_exit.o
        50          0          0          0          0         88   defsig_general.o
        12          0          0          0          0         72   exit.o
         6          0          0          0          0        152   heapauxi.o
         0          0          0          0          0          0   indicate_semi.o
         6          0          0          0          0          0   libinit.o
         2          0          0          0          0          0   libinit2.o
         2          0          0          0          0          0   libshutdown.o
         2          0          0          0          0          0   libshutdown2.o
         8          4          0          0         96         68   libspace.o
         8          4          0          0          0         68   rt_fp_status_addr_intlibspace.o
       138          0          0          0          0         68   rt_memcpy_v6.o
       100          0          0          0          0         80   rt_memcpy_w.o
         0          0          0          0          0          0   rtentry.o
        12          0          0          0          0          0   rtentry2.o
         6          0          0          0          0          0   rtentry4.o
         2          0          0          0          0          0   rtexit.o
        10          0          0          0          0          0   rtexit2.o
        12          4          0          0          0         68   sys_exit.o
        74          0          0          0          0         80   sys_stackheap_outer.o
        14          0          0          0          0         76   sys_wrch.o
         2          0          0          0          0         68   use_no_semi.o
        14          0          0          0          0         76   fpinit.o

    ----------------------------------------------------------------------
       900         94          0          0        100       1480   Library Totals
        10          0          0          0          4          0   (incl. Padding)

    ----------------------------------------------------------------------

      Code (inc. data)   RO Data    RW Data    ZI Data      Debug   Library Name

       876         94          0          0         96       1404   c_w.l
        14          0          0          0          0         76   fz_ws.l

    ----------------------------------------------------------------------
       900         94          0          0        100       1480   Library Totals

    ----------------------------------------------------------------------

==============================================================================


      Code (inc. data)   RO Data    RW Data    ZI Data      Debug   

     17224       1122        948        320       2072     590113   Grand Totals
     17224       1122        948        124       2072     590113   ELF Image Totals (compressed)
     17224       1122        948        124          0          0   ROM Totals

==============================================================================

    Total RO  Size (Code + RO Data)                18172 (  17.75kB)
    Total RW  Size (RW Data + ZI Data)              2392 (   2.34kB)
    Total ROM Size (Code + RO Data + RW Data)      18296 (  17.87kB)

==============================================================================

